✔ review: all deterministic fixture events and reduced values retain exact serialized bytes (4.7735ms)
✔ review: money and order identity cannot disagree with approved checkpoint evidence (3.3966ms)
✔ review: raw replay preserves approval, order, capture, and reconciliation prerequisites (1.6514ms)
✔ review: altered receipt money cannot be disguised as an exact duplicate (1.2774ms)
✔ review: accepted independent capture paths serialize and replay at every prefix (14.0103ms)
✔ review: seed admission rejects checkpoint IDs that generate the same fixture order (1.5048ms)
✔ review: event payload accessors cannot execute a nested append while metadata is reserved (1.7198ms)
✔ an unresolved pending capture cannot be requested a second time (5.3517ms)
✔ a delayed lost response cannot undo a confirmed capture or be recorded twice (3.5971ms)
✔ a webhook event identity cannot be reused for a different capture or checkpoint (2.0448ms)
✔ a capture identity cannot count against two different checkpoints (0.8689ms)
✔ an unknown receipt reserves its capture identity before any amount is counted (1.6835ms)
✔ reconciliation and later receipts share the same capture binding (1.1924ms)
✔ one checkpoint cannot acquire a second capture through a new webhook event ID (0.6251ms)
✔ webhook and reconciliation identities must be nonempty canonical strings (9.9768ms)
✔ exact duplicate webhook delivery remains auditable in every supported capture state (3.086ms)
✔ the public append path and reducer refuse lifecycle violations too (1.243ms)
✔ replay derives receipt identity from history instead of trusting a duplicate flag (0.5767ms)
✔ published events cannot be edited or removed and append owns sequence metadata (0.6221ms)
✔ a ledger keeps its creation seed stable across caller mutation (1.44ms)
✔ inherited object properties are not checkpoint identities (77.8293ms)
✔ three independent checkpoint capture paths compose without double counting (12.5858ms)
✔ approving one checkpoint preserves another pending draft, including initial line feeds (39.0261ms)
✔ refused approval retains empty and multiline drafts across repeated rerenders (7.5855ms)
✔ a suggestion survives approval of a different checkpoint (5.1774ms)
✔ accepted evidence comes from its recorded event and its controls cannot edit approval (5.0872ms)
✔ literal textarea-like text is preserved without adding editors (5.1739ms)
✔ successive approvals retain accepted evidence and count each approval once (5.3289ms)
✔ fixture totals and explicit replay behavior remain intact (3.7755ms)
✔ webhook rows describe receipt without claiming an unknown capture was counted (5.2226ms)
✔ download has a fixed safe filename and explicit fixture schema and provenance (5.9037ms)
✔ export records the actual replay events and reduced counted outcome (2.0457ms)
✔ accepted multiline and literal evidence comes from the exact approval event (2.1278ms)
✔ unapproved checkpoints have no approval evidence and no authored draft field (1.7431ms)
✔ every capture prefix exports the current outcome without advancing or inventing events (1.466ms)
✔ repeated exports are deterministic and detached from the live in-memory ledger (1.17ms)
✔ an empty fixture exports no approval and never represents a successful payment (0.2777ms)
✔ the timeline exposes every real fixture prefix and counts only after reconciliation (9.3318ms)
✔ backward, repeated and out-of-order inspection never changes the fixture or another ledger (3.8584ms)
✔ returned event and state objects cannot rewrite later timeline inspection (1.4461ms)
✔ invalid navigation refuses the index without losing valid timeline state (1.1999ms)
✔ fixture deterministically replays lost response, duplicate webhook, and one reconcile (5.1959ms)
✔ order and capture require prior explicit human approval and order (1.0841ms)
✔ lost response cannot be blindly captured again; reconcile is one-time (1.6314ms)
✔ same webhook event ID is idempotent and cannot double count (0.6343ms)
✔ reducer never counts duplicate webhook in fixture stream (0.6027ms)
✔ role previews are explicit local rules and never claim AI output (31.0862ms)
✔ Workers AI adapter fails closed without binding and has no paid fallback (0.4541ms)
✔ schema validation rejects malformed model output (0.4226ms)
✔ every shipped replay prefix presents its current reduced capture state (6.2932ms)
✔ ordinary webhook capture does not invent a reconciliation (1.217ms)
✔ missing and unrecognized states do not become captured or safe-to-retry labels (0.2805ms)
✔ saved fixture reader accepts all real recovery prefixes without advancing the outcome (7.9402ms)
✔ accepted evidence is exact literal Unicode text and an unapproved draft is absent (1.7243ms)
✔ ordinary capture, lookup-only recovery and independent checkpoints use the existing ledger (2.1734ms)
✔ JSON key order and whitespace do not change the record, and returned facts are immutable (1.5674ms)
✔ invalid JSON, another document and unsupported record versions are refused (5.036ms)
✔ saved summaries, approvals, identities and fixture definitions must match recorded events (20.0172ms)
✔ missing, extra and inherited-property fields cannot become trusted record facts (5.5813ms)
✔ event order, required metadata and payload types are checked before ledger replay (3.5584ms)
✔ shared ledger refuses contradictory lifecycle, money and capture identities in a file (6.6574ms)
✔ exact byte limit is inclusive and uses UTF-8 bytes rather than JavaScript characters (9.9162ms)
✔ event limit permits a bounded full history and rejects the next exact duplicate (138.3057ms)
✔ a reconciled fixture no longer asks the reviewer to keep its capture unknown (5.4944ms)
✔ a lost response and both webhook receipts retain current unknown guidance until reconciliation (1.2008ms)
✔ another unresolved checkpoint still takes priority over an earlier reconciled capture (2.193ms)
✔ pending and never-requested captures remain distinct from resolved captures (0.5529ms)
✔ unfinished strings remain literal and invalid amounts stay unknown (4.9469ms)
✔ accepted and empty pending evidence retain their native meanings (5.7986ms)
✔ all real lifecycle prefixes retain exact history and capture accounting (32.5775ms)
✔ different accepted facts produce divergent histories under the same plan (2.1467ms)
✔ different plans never gain a common history from positional IDs or manual pairing (6.8219ms)
✔ same-definition pairing follows unique literal content across row numbers (0.5115ms)
✔ duplicate definitions and titles never force a positional pairing (0.6563ms)
✔ inserting or removing a row leaves explicit unpaired definitions (0.771ms)
✔ manual pairing is injective, reversible, and leaves caller choices intact (0.6569ms)
✔ malformed pairing maps are refused before comparison (0.7658ms)
✔ textual amount changes remain visible even when parsed cents agree (0.3488ms)
✔ money fields preserve native safe cents without a lossy difference calculation (0.6597ms)
✔ the original strict decoder refuses changed envelope and event facts (8.4072ms)
✔ draft and review quantities remain distinguishable, including zero events (0.8942ms)
✔ canonical history checks ignore JSON field order but retain exact event values (8.5706ms)
✔ read and compare return immutable values without mutating live source review (1.7145ms)
✔ removed fields return at their original position with later survivor edits intact (3.1896ms)
✔ every admitted row position restores without changing order or fields (3.9288ms)
✔ a newer removal replaces the older recovery, without resurrecting both rows (0.2341ms)
✔ clear retires recovery at controller lifecycle boundaries (0.2226ms)
✔ last-row, out-of-range and malformed removal requests make no change (0.484ms)
✔ invalid extra actions do not replace a valid pending removal (0.1913ms)
✔ restoration refuses an incompatible row count and keeps caller input intact (0.2366ms)
✔ restored unfinished values still face unchanged scope validation (0.7655ms)
✔ a reviewed scope before approval exposes a real zero-event state (5.7606ms)
✔ authored mixed capture paths retain every exact event and the count-at-that-point (14.9241ms)
✔ accepted evidence starts at its own approval, with unrecorded editor notes excluded (1.6841ms)
✔ captured history and returned steps cannot mutate the current review or another step (9.859ms)
✔ complete workspace admission refuses a later corrupted event before exposing history (7.7498ms)
✔ drafts, mismatched stage and malformed inputs remain unavailable rather than fabricated history (1.1305ms)
✔ invalid positions do not alias a real event or change future reads (5.8731ms)
✔ twelve authored checkpoints and their full recovered histories keep exact identities and totals (86.2998ms)
✔ maximum safe cent values remain integers at historical points (1.78ms)
✔ the example becomes a detached editable draft, with no inherited approvals (3.8604ms)
✔ an authored brief and checkpoints produce a bounded ledger seed and explicit unallocated cap (0.6033ms)
✔ incomplete, malformed and over-cap drafts cannot enter review (1.1783ms)
✔ field errors identify the actual editable checkpoint and budget (0.2422ms)
✔ USD authoring rejects unsupported notation and avoids silently rounding sub-cent entries (0.2407ms)
✔ generated identities remain distinct when titles match or resemble object keys (1.4064ms)
✔ every accepted safe cent amount is displayed without floating-dollar rounding (0.7213ms)
✔ sparse or absent checkpoint rows are refused as incomplete drafts (0.5701ms)
✔ approval uses the explicit reviewed evidence and refuses empty acceptance without any event (3.4323ms)
✔ plan, approval evidence and prior events cannot be changed through caller-owned objects (0.7772ms)
✔ review controls advance one legal event at a time and do not repeat pending requests (2.2624ms)
✔ the authored lost-response path stays unknown through duplicate receipt and reconciles exactly once (2.5712ms)
✔ independent checkpoints keep their amounts and receipt identities across mixed outcomes (2.8184ms)
✔ an unknown outcome can use the explicit simulated lookup without manufacturing a webhook (1.0289ms)
✔ unfinished fields remain an unapproved raw draft without invented monetary totals (3.7989ms)
✔ review uses recorded acceptance and preserves separate pending evidence and unallocated cap (6.7532ms)
✔ every allowed first-checkpoint phase exports native current state and exact recorded fields (16.1834ms)
✔ a completed first checkpoint does not hide a second unknown capture or count its duplicate receipt (14.9601ms)
✔ a portable review keeps literal authored markup inert and has no executable or external resources (1.0259ms)
✔ large valid cent amounts retain exact cents rather than rounded floating dollar values (0.8552ms)
✔ inconsistent caller snapshots and invalid source are refused without mutating a valid prior review (1.8707ms)
✔ HTML-normalized text is preserved by references or refused before creating a lossy document (1.5172ms)
✔ revision retains raw original terms, order and amount spelling, not accepted or pending evidence (8.252ms)
✔ revision from approved preserves the original current history and creates no inherited events (3.3379ms)
✔ revision from order ready preserves the original current history and creates no inherited events (2.9137ms)
✔ revision from pending capture preserves the original current history and creates no inherited events (4.5636ms)
✔ revision from unknown capture preserves the original current history and creates no inherited events (4.7045ms)
✔ revision from unknown with duplicate receipts preserves the original current history and creates no inherited events (6.1974ms)
✔ revision from reconciled capture preserves the original current history and creates no inherited events (7.2243ms)
✔ revision from direct captured receipt preserves the original current history and creates no inherited events (4.769ms)
✔ unapproved reviews and editable drafts refuse a revision and retain their state (0.8254ms)
✔ a reopened approved workspace produces the same revision and the existing format can open it again (4.8387ms)
✔ original source terms may be frozen and repeated revision downloads stay identical (3.0205ms)
✔ current review/terms inconsistency refuses before producing a derivative (0.7572ms)
✔ invalid pending evidence or current event facts are not silently discarded to create a revision (0.8997ms)
✔ existing JSON-preservable Unicode, NUL and lone-surrogate draft text remain exact (1.365ms)
✔ all twelve reordered checkpoint definitions and maximum admitted text remain original terms (163.6761ms)
✔ an unfinished draft preserves exact raw strings and still needs ordinary review validation (2.9665ms)
✔ mixed review restores exact history, accepted and pending evidence, totals, and next action (9.3867ms)
✔ every prefix of each ordinary authoring lifecycle reopens at the same next-step boundary (34.6785ms)
✔ empty pending evidence survives and never becomes an approval by saving or opening (0.701ms)
✔ unsupported envelopes, constants, stages, types and extra fields are refused (0.88ms)
✔ draft shapes and text bounds are enforced without normalizing unfinished input (1.0095ms)
✔ every canonical event field and sequence is checked against the unchanged fixture controls (49.448ms)
✔ saved review drafts must belong to distinct existing unapproved checkpoints (9.3486ms)
✔ twelve checkpoints and their complete bounded histories retain exact cent totals (69.1898ms)
✔ opening accepts harmless JSON field order changes and makes no authenticity claim (2.6728ms)
✔ byte limits, failed saves and mismatched plans preserve the source workspace (5.6972ms)
✔ validated suggestions preserve editable text without retaining provider-owned objects (2.9245ms)
✔ the existing empty-list and text-length contracts are preserved (0.7752ms)
✔ serialized Unicode text at the schema character limits remains valid (2.2305ms)
✔ Unicode length limits count code points rather than graphemes (1.0555ms)
✔ root fields must be declared own data properties (0.3444ms)
✔ checkpoint records cannot smuggle inherited fields or undeclared approval data (0.3406ms)
✔ accessor fields are refused without evaluating provider code (0.408ms)
✔ checkpoint lists must contain their own entries and cannot replace iteration (0.3828ms)
✔ ordinary and null-prototype data records normalize to the same result (0.2643ms)
✔ configured bindings support the existing direct, JSON, and response-string forms (0.6941ms)
✔ the async adapter rejects JSON-representable malformed suggestions in every supported response form (3.4565ms)
✔ each provider call receives an independent request schema (0.2787ms)
✔ inherited or accessor response envelopes do not bypass result validation (0.3828ms)
✔ missing or invalid bindings fail closed before any dispatch (0.4925ms)
✔ provider errors and malformed results are rejected without retry or fallback (0.5522ms)
✔ native field strings and LF pending evidence survive file roundtrips without normalization (4.5557ms)
✔ project label refuses external line breaks that native form assignment would change (0.7432ms)
✔ creative brief refuses external line breaks that native form assignment would change (0.2677ms)
✔ project cap refuses external line breaks that native form assignment would change (0.2998ms)
✔ checkpoint title refuses external line breaks that native form assignment would change (0.3386ms)
✔ checkpoint amount refuses external line breaks that native form assignment would change (0.2597ms)
✔ planned evidence refuses external line breaks that native form assignment would change (0.2556ms)
✔ pending review evidence refuses CR and CRLF before a native textarea can rewrite it (0.5824ms)
✔ saving incompatible in-memory fields refuses without altering the caller draft (0.3728ms)
ℹ tests 172
ℹ suites 0
ℹ pass 172
ℹ fail 0
ℹ cancelled 0
ℹ skipped 0
ℹ todo 0
ℹ duration_ms 460.9157
