✔ review: all deterministic fixture events and reduced values retain exact serialized bytes (4.705712ms)
✔ review: money and order identity cannot disagree with approved checkpoint evidence (3.751336ms)
✔ review: raw replay preserves approval, order, capture, and reconciliation prerequisites (1.672847ms)
✔ review: altered receipt money cannot be disguised as an exact duplicate (1.077201ms)
✔ review: accepted independent capture paths serialize and replay at every prefix (12.57209ms)
✔ review: seed admission rejects checkpoint IDs that generate the same fixture order (6.682657ms)
✔ review: event payload accessors cannot execute a nested append while metadata is reserved (1.482721ms)
✔ an unresolved pending capture cannot be requested a second time (4.483096ms)
✔ a delayed lost response cannot undo a confirmed capture or be recorded twice (2.336847ms)
✔ a webhook event identity cannot be reused for a different capture or checkpoint (2.31921ms)
✔ a capture identity cannot count against two different checkpoints (0.883019ms)
✔ an unknown receipt reserves its capture identity before any amount is counted (1.997847ms)
✔ reconciliation and later receipts share the same capture binding (1.214868ms)
✔ one checkpoint cannot acquire a second capture through a new webhook event ID (0.707795ms)
✔ webhook and reconciliation identities must be nonempty canonical strings (17.589971ms)
✔ exact duplicate webhook delivery remains auditable in every supported capture state (2.234633ms)
✔ the public append path and reducer refuse lifecycle violations too (1.037791ms)
✔ replay derives receipt identity from history instead of trusting a duplicate flag (0.599412ms)
✔ published events cannot be edited or removed and append owns sequence metadata (0.449647ms)
✔ a ledger keeps its creation seed stable across caller mutation (0.357929ms)
✔ inherited object properties are not checkpoint identities (88.37734ms)
✔ three independent checkpoint capture paths compose without double counting (23.400857ms)
✔ approving one checkpoint preserves another pending draft, including initial line feeds (30.113068ms)
✔ refused approval retains empty and multiline drafts across repeated rerenders (8.888255ms)
✔ a suggestion survives approval of a different checkpoint (5.823504ms)
✔ accepted evidence comes from its recorded event and its controls cannot edit approval (5.542781ms)
✔ literal textarea-like text is preserved without adding editors (4.022574ms)
✔ successive approvals retain accepted evidence and count each approval once (4.766593ms)
✔ fixture totals and explicit replay behavior remain intact (3.092574ms)
✔ webhook rows describe receipt without claiming an unknown capture was counted (5.901041ms)
✔ download has a fixed safe filename and explicit fixture schema and provenance (4.23916ms)
✔ export records the actual replay events and reduced counted outcome (2.430998ms)
✔ accepted multiline and literal evidence comes from the exact approval event (3.336461ms)
✔ unapproved checkpoints have no approval evidence and no authored draft field (1.48128ms)
✔ every capture prefix exports the current outcome without advancing or inventing events (1.549762ms)
✔ repeated exports are deterministic and detached from the live in-memory ledger (0.761566ms)
✔ an empty fixture exports no approval and never represents a successful payment (0.206641ms)
✔ the timeline exposes every real fixture prefix and counts only after reconciliation (7.301538ms)
✔ backward, repeated and out-of-order inspection never changes the fixture or another ledger (6.569306ms)
✔ returned event and state objects cannot rewrite later timeline inspection (4.393312ms)
✔ invalid navigation refuses the index without losing valid timeline state (1.062319ms)
✔ fixture deterministically replays lost response, duplicate webhook, and one reconcile (5.340647ms)
✔ order and capture require prior explicit human approval and order (1.043591ms)
✔ lost response cannot be blindly captured again; reconcile is one-time (1.81401ms)
✔ same webhook event ID is idempotent and cannot double count (1.743204ms)
✔ reducer never counts duplicate webhook in fixture stream (0.676057ms)
✔ role previews are explicit local rules and never claim AI output (26.841644ms)
✔ Workers AI adapter fails closed without binding and has no paid fallback (0.574695ms)
✔ schema validation rejects malformed model output (0.448104ms)
✔ every shipped replay prefix presents its current reduced capture state (4.91742ms)
✔ ordinary webhook capture does not invent a reconciliation (1.101658ms)
✔ missing and unrecognized states do not become captured or safe-to-retry labels (0.322095ms)
✔ saved fixture reader accepts all real recovery prefixes without advancing the outcome (9.044842ms)
✔ accepted evidence is exact literal Unicode text and an unapproved draft is absent (1.560188ms)
✔ ordinary capture, lookup-only recovery and independent checkpoints use the existing ledger (3.951657ms)
✔ JSON key order and whitespace do not change the record, and returned facts are immutable (1.506296ms)
✔ invalid JSON, another document and unsupported record versions are refused (4.012589ms)
✔ saved summaries, approvals, identities and fixture definitions must match recorded events (10.858341ms)
✔ missing, extra and inherited-property fields cannot become trusted record facts (7.396431ms)
✔ event order, required metadata and payload types are checked before ledger replay (4.792062ms)
✔ shared ledger refuses contradictory lifecycle, money and capture identities in a file (5.36938ms)
✔ exact byte limit is inclusive and uses UTF-8 bytes rather than JavaScript characters (12.960685ms)
✔ event limit permits a bounded full history and rejects the next exact duplicate (261.661155ms)
✔ a reconciled fixture no longer asks the reviewer to keep its capture unknown (7.501519ms)
✔ a lost response and both webhook receipts retain current unknown guidance until reconciliation (1.182359ms)
✔ another unresolved checkpoint still takes priority over an earlier reconciled capture (2.315965ms)
✔ pending and never-requested captures remain distinct from resolved captures (0.531149ms)
✔ literal quoted CSV becomes a native draft; ordinary review remains a separate action (6.181233ms)
✔ one leading UTF-8 BOM, quoted headers, CRLF records and a final delimiter are accepted (0.694956ms)
✔ a BOM inside a field stays literal (0.449156ms)
✔ empty fields and unfinished money remain editable, never silently repriced (0.650339ms)
✔ over-budget drafts preserve source amounts and native review refusal (1.862153ms)
✔ caller bytes and metadata are unchanged and the prepared record is independent (2.07324ms)
✔ all 12 rows, every native maximum and exact large cents survive (8.795622ms)
✔ the one MiB boundary is accepted by CSV decoding and one byte more is refused (172.209408ms)
✔ input bounds count UTF-8 bytes rather than characters (10.353442ms)
✔ refuses empty input without producing a partial workspace (0.373793ms)
✔ refuses BOM only without producing a partial workspace (0.153731ms)
✔ refuses header only without producing a partial workspace (0.115103ms)
✔ refuses more than 12 rows without producing a partial workspace (0.147752ms)
✔ refuses reordered header without producing a partial workspace (2.719332ms)
✔ refuses duplicate header without producing a partial workspace (0.103946ms)
✔ refuses header spaces without producing a partial workspace (0.066651ms)
✔ refuses double BOM without producing a partial workspace (0.065239ms)
✔ refuses extra header field without producing a partial workspace (0.062374ms)
✔ refuses missing row field without producing a partial workspace (0.054572ms)
✔ refuses extra row field without producing a partial workspace (0.045208ms)
✔ refuses blank record without producing a partial workspace (0.043024ms)
✔ refuses bare CR separator without producing a partial workspace (0.339471ms)
✔ refuses unterminated quotes without producing a partial workspace (0.07285ms)
✔ refuses quote in unquoted field without producing a partial workspace (0.052629ms)
✔ refuses text after quote without producing a partial workspace (0.067381ms)
✔ refuses space before quote without producing a partial workspace (0.050266ms)
✔ refuses space after quote without producing a partial workspace (0.052379ms)
✔ invalid UTF-8, UTF-16 input and non-byte callers are refused (0.244959ms)
✔ native draft admission remains authoritative for title line break (0.157998ms)
✔ native draft admission remains authoritative for amount line break (0.07983ms)
✔ native draft admission remains authoritative for quoted CRLF evidence (0.128414ms)
✔ native draft admission remains authoritative for quoted bare CR evidence (0.06584ms)
✔ native draft admission remains authoritative for title limit (0.111648ms)
✔ native draft admission remains authoritative for amount limit (0.083876ms)
✔ native draft admission remains authoritative for evidence limit (0.521535ms)
✔ native draft admission remains authoritative for label limit (0.808997ms)
✔ native draft admission remains authoritative for brief limit (46.184424ms)
✔ native draft admission remains authoritative for cap limit (0.205609ms)
✔ native draft admission remains authoritative for metadata CR (0.150837ms)
✔ unfinished strings remain literal and invalid amounts stay unknown (4.965453ms)
✔ accepted and empty pending evidence retain their native meanings (7.484954ms)
✔ all real lifecycle prefixes retain exact history and capture accounting (29.412463ms)
✔ different accepted facts produce divergent histories under the same plan (1.145313ms)
✔ different plans never gain a common history from positional IDs or manual pairing (5.889793ms)
✔ same-definition pairing follows unique literal content across row numbers (0.770379ms)
✔ duplicate definitions and titles never force a positional pairing (0.844351ms)
✔ inserting or removing a row leaves explicit unpaired definitions (3.760599ms)
✔ manual pairing is injective, reversible, and leaves caller choices intact (7.125243ms)
✔ malformed pairing maps are refused before comparison (0.747395ms)
✔ textual amount changes remain visible even when parsed cents agree (0.323958ms)
✔ money fields preserve native safe cents without a lossy difference calculation (0.255224ms)
✔ the original strict decoder refuses changed envelope and event facts (9.52902ms)
✔ draft and review quantities remain distinguishable, including zero events (0.888717ms)
✔ canonical history checks ignore JSON field order but retain exact event values (11.574008ms)
✔ read and compare return immutable values without mutating live source review (2.021372ms)
✔ a reviewed scope before approval exposes a real zero-event state (5.27274ms)
✔ authored mixed capture paths retain every exact event and the count-at-that-point (16.700988ms)
✔ accepted evidence starts at its own approval, with unrecorded editor notes excluded (1.42927ms)
✔ captured history and returned steps cannot mutate the current review or another step (11.460748ms)
✔ complete workspace admission refuses a later corrupted event before exposing history (14.381347ms)
✔ drafts, mismatched stage and malformed inputs remain unavailable rather than fabricated history (0.785743ms)
✔ invalid positions do not alias a real event or change future reads (3.803904ms)
✔ twelve authored checkpoints and their full recovered histories keep exact identities and totals (135.84555ms)
✔ maximum safe cent values remain integers at historical points (7.430061ms)
✔ the example becomes a detached editable draft, with no inherited approvals (3.821981ms)
✔ an authored brief and checkpoints produce a bounded ledger seed and explicit unallocated cap (0.666263ms)
✔ incomplete, malformed and over-cap drafts cannot enter review (0.907747ms)
✔ field errors identify the actual editable checkpoint and budget (0.161423ms)
✔ USD authoring rejects unsupported notation and avoids silently rounding sub-cent entries (0.172329ms)
✔ generated identities remain distinct when titles match or resemble object keys (1.079375ms)
✔ every accepted safe cent amount is displayed without floating-dollar rounding (0.679873ms)
✔ sparse or absent checkpoint rows are refused as incomplete drafts (0.409827ms)
✔ approval uses the explicit reviewed evidence and refuses empty acceptance without any event (0.760614ms)
✔ plan, approval evidence and prior events cannot be changed through caller-owned objects (2.120331ms)
✔ review controls advance one legal event at a time and do not repeat pending requests (1.888502ms)
✔ the authored lost-response path stays unknown through duplicate receipt and reconciles exactly once (3.26941ms)
✔ independent checkpoints keep their amounts and receipt identities across mixed outcomes (3.9142ms)
✔ an unknown outcome can use the explicit simulated lookup without manufacturing a webhook (0.900485ms)
✔ unfinished fields remain an unapproved raw draft without invented monetary totals (2.085929ms)
✔ review uses recorded acceptance and preserves separate pending evidence and unallocated cap (4.308524ms)
✔ every allowed first-checkpoint phase exports native current state and exact recorded fields (20.847433ms)
✔ a completed first checkpoint does not hide a second unknown capture or count its duplicate receipt (14.213255ms)
✔ a portable review keeps literal authored markup inert and has no executable or external resources (1.188118ms)
✔ large valid cent amounts retain exact cents rather than rounded floating dollar values (2.366331ms)
✔ inconsistent caller snapshots and invalid source are refused without mutating a valid prior review (1.705076ms)
✔ HTML-normalized text is preserved by references or refused before creating a lossy document (1.211643ms)
✔ revision retains raw original terms, order and amount spelling, not accepted or pending evidence (6.634455ms)
✔ revision from approved preserves the original current history and creates no inherited events (3.639797ms)
✔ revision from order ready preserves the original current history and creates no inherited events (3.310903ms)
✔ revision from pending capture preserves the original current history and creates no inherited events (13.004239ms)
✔ revision from unknown capture preserves the original current history and creates no inherited events (8.797269ms)
✔ revision from unknown with duplicate receipts preserves the original current history and creates no inherited events (6.243685ms)
✔ revision from reconciled capture preserves the original current history and creates no inherited events (7.49529ms)
✔ revision from direct captured receipt preserves the original current history and creates no inherited events (10.883318ms)
✔ unapproved reviews and editable drafts refuse a revision and retain their state (0.765242ms)
✔ a reopened approved workspace produces the same revision and the existing format can open it again (13.384923ms)
✔ original source terms may be frozen and repeated revision downloads stay identical (2.089384ms)
✔ current review/terms inconsistency refuses before producing a derivative (0.629327ms)
✔ invalid pending evidence or current event facts are not silently discarded to create a revision (2.233621ms)
✔ existing JSON-preservable Unicode, NUL and lone-surrogate draft text remain exact (1.598756ms)
✔ all twelve reordered checkpoint definitions and maximum admitted text remain original terms (242.090844ms)
✔ an unfinished draft preserves exact raw strings and still needs ordinary review validation (3.138123ms)
✔ mixed review restores exact history, accepted and pending evidence, totals, and next action (14.67196ms)
✔ every prefix of each ordinary authoring lifecycle reopens at the same next-step boundary (48.563133ms)
✔ empty pending evidence survives and never becomes an approval by saving or opening (0.852043ms)
✔ unsupported envelopes, constants, stages, types and extra fields are refused (0.899423ms)
✔ draft shapes and text bounds are enforced without normalizing unfinished input (2.93023ms)
✔ every canonical event field and sequence is checked against the unchanged fixture controls (62.237732ms)
✔ saved review drafts must belong to distinct existing unapproved checkpoints (8.985672ms)
✔ twelve checkpoints and their complete bounded histories retain exact cent totals (94.394895ms)
✔ opening accepts harmless JSON field order changes and makes no authenticity claim (3.643904ms)
✔ byte limits, failed saves and mismatched plans preserve the source workspace (6.618941ms)
✔ validated suggestions preserve editable text without retaining provider-owned objects (2.448114ms)
✔ the existing empty-list and text-length contracts are preserved (0.888317ms)
✔ serialized Unicode text at the schema character limits remains valid (2.454884ms)
✔ Unicode length limits count code points rather than graphemes (4.298028ms)
✔ root fields must be declared own data properties (0.484369ms)
✔ checkpoint records cannot smuggle inherited fields or undeclared approval data (0.324058ms)
✔ accessor fields are refused without evaluating provider code (0.386181ms)
✔ checkpoint lists must contain their own entries and cannot replace iteration (0.28591ms)
✔ ordinary and null-prototype data records normalize to the same result (2.308784ms)
✔ configured bindings support the existing direct, JSON, and response-string forms (1.229601ms)
✔ the async adapter rejects JSON-representable malformed suggestions in every supported response form (3.339275ms)
✔ each provider call receives an independent request schema (0.248585ms)
✔ inherited or accessor response envelopes do not bypass result validation (0.446111ms)
✔ missing or invalid bindings fail closed before any dispatch (0.819724ms)
✔ provider errors and malformed results are rejected without retry or fallback (2.077697ms)
✔ native field strings and LF pending evidence survive file roundtrips without normalization (5.3157ms)
✔ project label refuses external line breaks that native form assignment would change (0.794506ms)
✔ creative brief refuses external line breaks that native form assignment would change (0.289616ms)
✔ project cap refuses external line breaks that native form assignment would change (0.336787ms)
✔ checkpoint title refuses external line breaks that native form assignment would change (0.37227ms)
✔ checkpoint amount refuses external line breaks that native form assignment would change (0.280272ms)
✔ planned evidence refuses external line breaks that native form assignment would change (0.290006ms)
✔ pending review evidence refuses CR and CRLF before a native textarea can rewrite it (0.572411ms)
✔ saving incompatible in-memory fields refuses without altering the caller draft (0.377388ms)
ℹ tests 203
ℹ suites 0
ℹ pass 203
ℹ fail 0
ℹ cancelled 0
ℹ skipped 0
ℹ todo 0
ℹ duration_ms 784.761105
