✔ review: all deterministic fixture events and reduced values retain exact serialized bytes (3.201977ms)
✔ review: money and order identity cannot disagree with approved checkpoint evidence (2.994775ms)
✔ review: raw replay preserves approval, order, capture, and reconciliation prerequisites (1.144411ms)
✔ review: altered receipt money cannot be disguised as an exact duplicate (0.719853ms)
✔ review: accepted independent capture paths serialize and replay at every prefix (10.170539ms)
✖ review: seed admission rejects checkpoint IDs that generate the same fixture order (0.853243ms)
✖ review: event payload accessors cannot execute a nested append while metadata is reserved (0.379491ms)
ℹ tests 7
ℹ suites 0
ℹ pass 5
ℹ fail 2
ℹ cancelled 0
ℹ skipped 0
ℹ todo 0
ℹ duration_ms 123.168645

✖ failing tests:

test at ../../../tmp/scopesignal-candidate-r1-review-afuyk6/tests/capture-identity-receiving.test.mjs:104:1
✖ review: seed admission rejects checkpoint IDs that generate the same fixture order (0.853243ms)
  AssertionError [ERR_ASSERTION]: Missing expected exception.
      at TestContext.<anonymous> (file:///tmp/scopesignal-candidate-r1-review-afuyk6/tests/capture-identity-receiving.test.mjs:109:12)
      at Test.runInAsyncScope (node:async_hooks:227:14)
      at Test.run (node:internal/test_runner/test:1382:25)
      at Test.processPendingSubtests (node:internal/test_runner/test:960:18)
      at Test.postRun (node:internal/test_runner/test:1522:19)
      at Test.run (node:internal/test_runner/test:1447:12)
      at async Test.processPendingSubtests (node:internal/test_runner/test:960:7) {
    generatedMessage: false,
    code: 'ERR_ASSERTION',
    actual: undefined,
    expected: undefined,
    operator: 'throws',
    diff: 'simple'
  }

test at ../../../tmp/scopesignal-candidate-r1-review-afuyk6/tests/capture-identity-receiving.test.mjs:123:1
✖ review: event payload accessors cannot execute a nested append while metadata is reserved (0.379491ms)
  AssertionError [ERR_ASSERTION]: Missing expected exception.
      at TestContext.<anonymous> (file:///tmp/scopesignal-candidate-r1-review-afuyk6/tests/capture-identity-receiving.test.mjs:135:10)
      at Test.runInAsyncScope (node:async_hooks:227:14)
      at Test.run (node:internal/test_runner/test:1382:25)
      at Test.processPendingSubtests (node:internal/test_runner/test:960:18)
      at Test.postRun (node:internal/test_runner/test:1522:19)
      at Test.run (node:internal/test_runner/test:1447:12)
      at async Test.processPendingSubtests (node:internal/test_runner/test:960:7) {
    generatedMessage: false,
    code: 'ERR_ASSERTION',
    actual: undefined,
    expected: undefined,
    operator: 'throws',
    diff: 'simple'
  }
