✔ review: all deterministic fixture events and reduced values retain exact serialized bytes (4.229726ms)
✔ review: money and order identity cannot disagree with approved checkpoint evidence (10.736449ms)
✔ review: raw replay preserves approval, order, capture, and reconciliation prerequisites (1.639308ms)
✔ review: altered receipt money cannot be disguised as an exact duplicate (0.793845ms)
✔ review: accepted independent capture paths serialize and replay at every prefix (15.4809ms)
✔ review: seed admission rejects checkpoint IDs that generate the same fixture order (1.013706ms)
✔ review: event payload accessors cannot execute a nested append while metadata is reserved (0.323336ms)
✔ an unresolved pending capture cannot be requested a second time (6.359381ms)
✔ a delayed lost response cannot undo a confirmed capture or be recorded twice (2.475336ms)
✔ a webhook event identity cannot be reused for a different capture or checkpoint (3.560108ms)
✔ a capture identity cannot count against two different checkpoints (0.978713ms)
✔ an unknown receipt reserves its capture identity before any amount is counted (2.608667ms)
✔ reconciliation and later receipts share the same capture binding (2.805032ms)
✔ one checkpoint cannot acquire a second capture through a new webhook event ID (1.400978ms)
✔ webhook and reconciliation identities must be nonempty canonical strings (12.605772ms)
✔ exact duplicate webhook delivery remains auditable in every supported capture state (3.290001ms)
✔ the public append path and reducer refuse lifecycle violations too (1.31543ms)
✔ replay derives receipt identity from history instead of trusting a duplicate flag (0.679572ms)
✔ published events cannot be edited or removed and append owns sequence metadata (0.589687ms)
✔ a ledger keeps its creation seed stable across caller mutation (0.440613ms)
✔ inherited object properties are not checkpoint identities (74.472247ms)
✔ three independent checkpoint capture paths compose without double counting (23.910207ms)
✔ approving one checkpoint preserves another pending draft, including initial line feeds (26.063118ms)
✔ refused approval retains empty and multiline drafts across repeated rerenders (6.568797ms)
✔ a suggestion survives approval of a different checkpoint (3.636704ms)
✔ accepted evidence comes from its recorded event and its controls cannot edit approval (7.353097ms)
✔ literal textarea-like text is preserved without adding editors (4.237197ms)
✔ successive approvals retain accepted evidence and count each approval once (4.218108ms)
✔ fixture totals and explicit replay behavior remain intact (2.501605ms)
✔ webhook rows describe receipt without claiming an unknown capture was counted (11.283673ms)
✔ download has a fixed safe filename and explicit fixture schema and provenance (3.248019ms)
✔ export records the actual replay events and reduced counted outcome (1.299336ms)
✔ accepted multiline and literal evidence comes from the exact approval event (1.039224ms)
✔ unapproved checkpoints have no approval evidence and no authored draft field (1.832879ms)
✔ every capture prefix exports the current outcome without advancing or inventing events (0.874336ms)
✔ repeated exports are deterministic and detached from the live in-memory ledger (0.846784ms)
✔ an empty fixture exports no approval and never represents a successful payment (0.271939ms)
✔ the timeline exposes every real fixture prefix and counts only after reconciliation (7.126165ms)
✔ backward, repeated and out-of-order inspection never changes the fixture or another ledger (3.868393ms)
✔ returned event and state objects cannot rewrite later timeline inspection (1.267888ms)
✔ invalid navigation refuses the index without losing valid timeline state (0.603639ms)
✔ fixture deterministically replays lost response, duplicate webhook, and one reconcile (7.58766ms)
✔ order and capture require prior explicit human approval and order (1.247487ms)
✔ lost response cannot be blindly captured again; reconcile is one-time (2.120421ms)
✔ same webhook event ID is idempotent and cannot double count (3.995673ms)
✔ reducer never counts duplicate webhook in fixture stream (1.517845ms)
✔ role previews are explicit local rules and never claim AI output (18.504911ms)
✔ Workers AI adapter fails closed without binding and has no paid fallback (0.6051ms)
✔ schema validation rejects malformed model output (0.437458ms)
✔ every shipped replay prefix presents its current reduced capture state (3.973471ms)
✔ ordinary webhook capture does not invent a reconciliation (0.706994ms)
✔ missing and unrecognized states do not become captured or safe-to-retry labels (0.213271ms)
✔ saved fixture reader accepts all real recovery prefixes without advancing the outcome (10.506373ms)
✔ accepted evidence is exact literal Unicode text and an unapproved draft is absent (0.938182ms)
✔ ordinary capture, lookup-only recovery and independent checkpoints use the existing ledger (2.256396ms)
✔ JSON key order and whitespace do not change the record, and returned facts are immutable (1.609001ms)
✔ invalid JSON, another document and unsupported record versions are refused (1.725146ms)
✔ saved summaries, approvals, identities and fixture definitions must match recorded events (12.707186ms)
✔ missing, extra and inherited-property fields cannot become trusted record facts (3.360758ms)
✔ event order, required metadata and payload types are checked before ledger replay (3.93328ms)
✔ shared ledger refuses contradictory lifecycle, money and capture identities in a file (7.199271ms)
✔ exact byte limit is inclusive and uses UTF-8 bytes rather than JavaScript characters (13.850902ms)
✔ event limit permits a bounded full history and rejects the next exact duplicate (181.295631ms)
✔ a reconciled fixture no longer asks the reviewer to keep its capture unknown (8.063566ms)
✔ a lost response and both webhook receipts retain current unknown guidance until reconciliation (3.532226ms)
✔ another unresolved checkpoint still takes priority over an earlier reconciled capture (3.768692ms)
✔ pending and never-requested captures remain distinct from resolved captures (0.632141ms)
✔ help and usage are explicit and create no files (597.401389ms)
✔ reviewed history produces byte-exact existing HTML and a measured receipt in Unicode paths (177.36267ms)
✔ unfinished fields, a UTF-8 BOM, and literal leading-dash paths use the unchanged draft exporter (108.70818ms)
▶ admission and HTML-only refusals create no output and preserve source bytes
  ✔ malformed (80.743126ms)
  ✔ wrong-schema (81.382237ms)
  ✔ forged-history (84.166642ms)
  ✔ invalid-utf8 (81.0481ms)
  ✔ too-large (75.862034ms)
  ✔ html-only (79.203603ms)
✔ admission and HTML-only refusals create no output and preserve source bytes (488.365662ms)
✔ the exact 1 MiB input boundary is accepted and the consumed-byte hash includes JSON padding (90.908931ms)
✔ existing output, the saved input itself, and hardlink aliases remain unchanged (259.054032ms)
▶ existing and dangling destination symlinks are never followed or replaced
  ✔ false (81.819999ms)
  ✔ true (76.911424ms)
✔ existing and dangling destination symlinks are never followed or replaced (163.188879ms)
✔ missing and nonregular input or unusable output parents refuse before publication (425.951687ms)
✔ input symlinks are explicitly refused (78.041705ms)
✔ a FIFO input is refused without waiting for a writer (92.750694ms)
✔ concurrent invocations publish exactly one complete review (133.876428ms)
✔ the public package command returns the same physical artifact and JSON receipt (352.261901ms)
✔ literal quoted CSV becomes a native draft; ordinary review remains a separate action (7.145865ms)
✔ one leading UTF-8 BOM, quoted headers, CRLF records and a final delimiter are accepted (0.41183ms)
✔ a BOM inside a field stays literal (0.427764ms)
✔ empty fields and unfinished money remain editable, never silently repriced (0.467223ms)
✔ over-budget drafts preserve source amounts and native review refusal (1.992579ms)
✔ caller bytes and metadata are unchanged and the prepared record is independent (0.496928ms)
✔ all 12 rows, every native maximum and exact large cents survive (6.228695ms)
✔ the one MiB boundary is accepted by CSV decoding and one byte more is refused (303.326547ms)
✔ input bounds count UTF-8 bytes rather than characters (2.403878ms)
✔ refuses empty input without producing a partial workspace (0.414824ms)
✔ refuses BOM only without producing a partial workspace (0.175694ms)
✔ refuses header only without producing a partial workspace (0.104798ms)
✔ refuses more than 12 rows without producing a partial workspace (0.114573ms)
✔ refuses reordered header without producing a partial workspace (0.094522ms)
✔ refuses duplicate header without producing a partial workspace (0.082985ms)
✔ refuses header spaces without producing a partial workspace (0.143896ms)
✔ refuses double BOM without producing a partial workspace (0.064587ms)
✔ refuses extra header field without producing a partial workspace (0.049584ms)
✔ refuses missing row field without producing a partial workspace (0.044356ms)
✔ refuses extra row field without producing a partial workspace (0.080461ms)
✔ refuses blank record without producing a partial workspace (0.040591ms)
✔ refuses bare CR separator without producing a partial workspace (0.068663ms)
✔ refuses unterminated quotes without producing a partial workspace (0.051969ms)
✔ refuses quote in unquoted field without producing a partial workspace (0.047241ms)
✔ refuses text after quote without producing a partial workspace (0.038197ms)
✔ refuses space before quote without producing a partial workspace (0.035724ms)
✔ refuses space after quote without producing a partial workspace (0.068223ms)
✔ invalid UTF-8, UTF-16 input and non-byte callers are refused (0.210096ms)
✔ native draft admission remains authoritative for title line break (0.2195ms)
✔ native draft admission remains authoritative for amount line break (0.094393ms)
✔ native draft admission remains authoritative for quoted CRLF evidence (0.070246ms)
✔ native draft admission remains authoritative for quoted bare CR evidence (0.058989ms)
✔ native draft admission remains authoritative for title limit (0.107101ms)
✔ native draft admission remains authoritative for amount limit (0.071328ms)
✔ native draft admission remains authoritative for evidence limit (0.29899ms)
✔ native draft admission remains authoritative for label limit (0.214703ms)
✔ native draft admission remains authoritative for brief limit (0.077437ms)
✔ native draft admission remains authoritative for cap limit (0.05956ms)
✔ native draft admission remains authoritative for metadata CR (0.052429ms)
✔ unfinished strings remain literal and invalid amounts stay unknown (4.520413ms)
✔ accepted and empty pending evidence retain their native meanings (7.533899ms)
✔ all real lifecycle prefixes retain exact history and capture accounting (37.226453ms)
✔ different accepted facts produce divergent histories under the same plan (1.025804ms)
✔ different plans never gain a common history from positional IDs or manual pairing (8.51819ms)
✔ same-definition pairing follows unique literal content across row numbers (0.570889ms)
✔ duplicate definitions and titles never force a positional pairing (0.856539ms)
✔ inserting or removing a row leaves explicit unpaired definitions (1.047897ms)
✔ manual pairing is injective, reversible, and leaves caller choices intact (0.69746ms)
✔ malformed pairing maps are refused before comparison (2.029014ms)
✔ textual amount changes remain visible even when parsed cents agree (0.248554ms)
✔ money fields preserve native safe cents without a lossy difference calculation (0.230717ms)
✔ the original strict decoder refuses changed envelope and event facts (10.313963ms)
✔ draft and review quantities remain distinguishable, including zero events (1.106796ms)
✔ canonical history checks ignore JSON field order but retain exact event values (9.871107ms)
✔ read and compare return immutable values without mutating live source review (1.820009ms)
✔ exports a standalone full comparison with both file labels and all chosen pairs (5.017952ms)
✔ replays unknown and reconciled outcomes without counting webhook receipts twice (31.834023ms)
✔ all real lifecycle prefixes have complete retained event lists and correct direction (34.301166ms)
✔ explicit pairing and unpaired rows remain visible without historical identity claims (1.214167ms)
✔ duplicate definitions stay unpaired until explicitly chosen (0.95639ms)
✔ draft strings, unavailable values, empty evidence and literal markup are preserved distinctly (2.490558ms)
✔ large safe cent values keep their exact cents (1.645727ms)
✔ different plans and divergent evidence keep their separate history relationships (12.381255ms)
✔ malformed files, unsupported data and non-injective pairs are refused before delivery (6.57804ms)
✔ caller-supplied snapshots and totals cannot replace the admitted file facts (5.443884ms)
✔ HTML-incompatible strings fail without modifying files and a valid retry still succeeds (1.759358ms)
✔ removed fields return at their original position with later survivor edits intact (2.195084ms)
✔ every admitted row position restores without changing order or fields (4.10582ms)
✔ a newer removal replaces the older recovery, without resurrecting both rows (0.287122ms)
✔ clear retires recovery at controller lifecycle boundaries (0.183296ms)
✔ last-row, out-of-range and malformed removal requests make no change (0.657841ms)
✔ invalid extra actions do not replace a valid pending removal (0.28576ms)
✔ restoration refuses an incompatible row count and keeps caller input intact (0.307012ms)
✔ restored unfinished values still face unchanged scope validation (1.836334ms)
✔ a reviewed scope before approval exposes a real zero-event state (3.856524ms)
✔ authored mixed capture paths retain every exact event and the count-at-that-point (21.730606ms)
✔ accepted evidence starts at its own approval, with unrecorded editor notes excluded (1.962634ms)
✔ captured history and returned steps cannot mutate the current review or another step (9.138224ms)
✔ complete workspace admission refuses a later corrupted event before exposing history (20.042391ms)
✔ drafts, mismatched stage and malformed inputs remain unavailable rather than fabricated history (1.078373ms)
✔ invalid positions do not alias a real event or change future reads (17.671247ms)
✔ twelve authored checkpoints and their full recovered histories keep exact identities and totals (131.9064ms)
✔ maximum safe cent values remain integers at historical points (7.843765ms)
✔ an overlong cap stays editable before any approval can lock it (2.317718ms)
✔ an overlong amount stays editable before any approval can lock it (0.235415ms)
✔ normal and 64-character monetary fields survive approval and all three exports (10.32518ms)
✔ unfinished monetary text within the saved limit remains an exact editable draft (1.241969ms)
✔ the example becomes a detached editable draft, with no inherited approvals (3.233667ms)
✔ an authored brief and checkpoints produce a bounded ledger seed and explicit unallocated cap (0.78371ms)
✔ incomplete, malformed and over-cap drafts cannot enter review (1.300898ms)
✔ field errors identify the actual editable checkpoint and budget (0.170828ms)
✔ USD authoring rejects unsupported notation and avoids silently rounding sub-cent entries (0.167713ms)
✔ generated identities remain distinct when titles match or resemble object keys (3.300478ms)
✔ every accepted safe cent amount is displayed without floating-dollar rounding (0.563217ms)
✔ sparse or absent checkpoint rows are refused as incomplete drafts (0.274353ms)
✔ approval uses the explicit reviewed evidence and refuses empty acceptance without any event (2.698161ms)
✔ plan, approval evidence and prior events cannot be changed through caller-owned objects (2.045319ms)
✔ review controls advance one legal event at a time and do not repeat pending requests (1.295279ms)
✔ the authored lost-response path stays unknown through duplicate receipt and reconciles exactly once (5.210803ms)
✔ independent checkpoints keep their amounts and receipt identities across mixed outcomes (3.997897ms)
✔ an unknown outcome can use the explicit simulated lookup without manufacturing a webhook (0.674155ms)
✔ unfinished fields remain an unapproved raw draft without invented monetary totals (3.31525ms)
✔ review uses recorded acceptance and preserves separate pending evidence and unallocated cap (6.639753ms)
✔ every allowed first-checkpoint phase exports native current state and exact recorded fields (26.819606ms)
✔ a completed first checkpoint does not hide a second unknown capture or count its duplicate receipt (19.145766ms)
✔ a portable review keeps literal authored markup inert and has no executable or external resources (1.340127ms)
✔ large valid cent amounts retain exact cents rather than rounded floating dollar values (2.084998ms)
✔ inconsistent caller snapshots and invalid source are refused without mutating a valid prior review (1.383142ms)
✔ HTML-normalized text is preserved by references or refused before creating a lossy document (0.886745ms)
✔ revision retains raw original terms, order and amount spelling, not accepted or pending evidence (8.6443ms)
✔ revision from approved preserves the original current history and creates no inherited events (4.316396ms)
✔ revision from order ready preserves the original current history and creates no inherited events (3.838237ms)
✔ revision from pending capture preserves the original current history and creates no inherited events (3.08278ms)
✔ revision from unknown capture preserves the original current history and creates no inherited events (4.983791ms)
✔ revision from unknown with duplicate receipts preserves the original current history and creates no inherited events (5.059836ms)
✔ revision from reconciled capture preserves the original current history and creates no inherited events (4.334624ms)
✔ revision from direct captured receipt preserves the original current history and creates no inherited events (3.574499ms)
✔ unapproved reviews and editable drafts refuse a revision and retain their state (0.65744ms)
✔ a reopened approved workspace produces the same revision and the existing format can open it again (3.672542ms)
✔ original source terms may be frozen and repeated revision downloads stay identical (2.274914ms)
✔ current review/terms inconsistency refuses before producing a derivative (0.674766ms)
✔ invalid pending evidence or current event facts are not silently discarded to create a revision (0.622857ms)
✔ existing JSON-preservable Unicode, NUL and lone-surrogate draft text remain exact (1.176371ms)
✔ all twelve reordered checkpoint definitions and maximum admitted text remain original terms (209.870963ms)
✔ an unfinished draft preserves exact raw strings and still needs ordinary review validation (3.183602ms)
✔ mixed review restores exact history, accepted and pending evidence, totals, and next action (13.330113ms)
✔ every prefix of each ordinary authoring lifecycle reopens at the same next-step boundary (29.104505ms)
✔ empty pending evidence survives and never becomes an approval by saving or opening (0.882798ms)
✔ unsupported envelopes, constants, stages, types and extra fields are refused (0.874847ms)
✔ draft shapes and text bounds are enforced without normalizing unfinished input (1.157122ms)
✔ every canonical event field and sequence is checked against the unchanged fixture controls (59.061002ms)
✔ saved review drafts must belong to distinct existing unapproved checkpoints (10.898693ms)
✔ twelve checkpoints and their complete bounded histories retain exact cent totals (93.114305ms)
✔ opening accepts harmless JSON field order changes and makes no authenticity claim (2.601536ms)
✔ byte limits, failed saves and mismatched plans preserve the source workspace (8.756349ms)
✔ validated suggestions preserve editable text without retaining provider-owned objects (2.055714ms)
✔ the existing empty-list and text-length contracts are preserved (0.652282ms)
✔ serialized Unicode text at the schema character limits remains valid (1.168168ms)
✔ Unicode length limits count code points rather than graphemes (2.011127ms)
✔ root fields must be declared own data properties (0.31225ms)
✔ checkpoint records cannot smuggle inherited fields or undeclared approval data (0.229536ms)
✔ accessor fields are refused without evaluating provider code (0.274974ms)
✔ checkpoint lists must contain their own entries and cannot replace iteration (0.282465ms)
✔ ordinary and null-prototype data records normalize to the same result (4.151298ms)
✔ configured bindings support the existing direct, JSON, and response-string forms (1.435675ms)
✔ the async adapter rejects JSON-representable malformed suggestions in every supported response form (7.218805ms)
✔ each provider call receives an independent request schema (0.409326ms)
✔ inherited or accessor response envelopes do not bypass result validation (0.49204ms)
✔ missing or invalid bindings fail closed before any dispatch (1.986831ms)
✔ provider errors and malformed results are rejected without retry or fallback (0.632773ms)
✔ native field strings and LF pending evidence survive file roundtrips without normalization (3.796224ms)
✔ project label refuses external line breaks that native form assignment would change (0.833254ms)
✔ creative brief refuses external line breaks that native form assignment would change (0.179991ms)
✔ project cap refuses external line breaks that native form assignment would change (0.223076ms)
✔ checkpoint title refuses external line breaks that native form assignment would change (0.243667ms)
✔ checkpoint amount refuses external line breaks that native form assignment would change (0.166471ms)
✔ planned evidence refuses external line breaks that native form assignment would change (0.169105ms)
✔ pending review evidence refuses CR and CRLF before a native textarea can rewrite it (0.413573ms)
✔ saving incompatible in-memory fields refuses without altering the caller draft (0.547764ms)
ℹ tests 246
ℹ suites 0
ℹ pass 246
ℹ fail 0
ℹ cancelled 0
ℹ skipped 0
ℹ todo 0
ℹ duration_ms 3283.425059
