
> scopesignal@0.1.0 test
> node --test

✔ review: all deterministic fixture events and reduced values retain exact serialized bytes (5.084182ms)
✔ review: money and order identity cannot disagree with approved checkpoint evidence (7.061217ms)
✔ review: raw replay preserves approval, order, capture, and reconciliation prerequisites (1.547198ms)
✔ review: altered receipt money cannot be disguised as an exact duplicate (1.219415ms)
✔ review: accepted independent capture paths serialize and replay at every prefix (26.173271ms)
✔ review: seed admission rejects checkpoint IDs that generate the same fixture order (1.273687ms)
✔ review: event payload accessors cannot execute a nested append while metadata is reserved (0.360121ms)
✔ an unresolved pending capture cannot be requested a second time (4.779613ms)
✔ a delayed lost response cannot undo a confirmed capture or be recorded twice (1.994892ms)
✔ a webhook event identity cannot be reused for a different capture or checkpoint (2.305599ms)
✔ a capture identity cannot count against two different checkpoints (1.017492ms)
✔ an unknown receipt reserves its capture identity before any amount is counted (2.261404ms)
✔ reconciliation and later receipts share the same capture binding (2.170166ms)
✔ one checkpoint cannot acquire a second capture through a new webhook event ID (0.758181ms)
✔ webhook and reconciliation identities must be nonempty canonical strings (11.292425ms)
✔ exact duplicate webhook delivery remains auditable in every supported capture state (2.494549ms)
✔ the public append path and reducer refuse lifecycle violations too (0.824401ms)
✔ replay derives receipt identity from history instead of trusting a duplicate flag (0.470358ms)
✔ published events cannot be edited or removed and append owns sequence metadata (0.768026ms)
✔ a ledger keeps its creation seed stable across caller mutation (0.579342ms)
✔ inherited object properties are not checkpoint identities (91.451702ms)
✔ three independent checkpoint capture paths compose without double counting (19.767009ms)
✔ approving one checkpoint preserves another pending draft, including initial line feeds (33.739799ms)
✔ refused approval retains empty and multiline drafts across repeated rerenders (8.444965ms)
✔ a suggestion survives approval of a different checkpoint (4.915207ms)
✔ accepted evidence comes from its recorded event and its controls cannot edit approval (7.896515ms)
✔ literal textarea-like text is preserved without adding editors (7.848552ms)
✔ successive approvals retain accepted evidence and count each approval once (4.307462ms)
✔ fixture totals and explicit replay behavior remain intact (3.1294ms)
✔ webhook rows describe receipt without claiming an unknown capture was counted (6.035414ms)
✔ download has a fixed safe filename and explicit fixture schema and provenance (4.094101ms)
✔ export records the actual replay events and reduced counted outcome (2.088884ms)
✔ accepted multiline and literal evidence comes from the exact approval event (1.300818ms)
✔ unapproved checkpoints have no approval evidence and no authored draft field (3.7741ms)
✔ every capture prefix exports the current outcome without advancing or inventing events (1.510633ms)
✔ repeated exports are deterministic and detached from the live in-memory ledger (1.792668ms)
✔ an empty fixture exports no approval and never represents a successful payment (0.325349ms)
✔ the timeline exposes every real fixture prefix and counts only after reconciliation (6.482897ms)
✔ backward, repeated and out-of-order inspection never changes the fixture or another ledger (7.159956ms)
✔ returned event and state objects cannot rewrite later timeline inspection (2.029945ms)
✔ invalid navigation refuses the index without losing valid timeline state (2.109615ms)
✔ fixture deterministically replays lost response, duplicate webhook, and one reconcile (6.150026ms)
✔ order and capture require prior explicit human approval and order (1.369542ms)
✔ lost response cannot be blindly captured again; reconcile is one-time (9.109105ms)
✔ same webhook event ID is idempotent and cannot double count (1.248689ms)
✔ reducer never counts duplicate webhook in fixture stream (2.213762ms)
✔ role previews are explicit local rules and never claim AI output (23.033951ms)
✔ Workers AI adapter fails closed without binding and has no paid fallback (0.572281ms)
✔ schema validation rejects malformed model output (0.505421ms)
✔ every shipped replay prefix presents its current reduced capture state (6.89049ms)
✔ ordinary webhook capture does not invent a reconciliation (0.739983ms)
✔ missing and unrecognized states do not become captured or safe-to-retry labels (0.360663ms)
✔ saved fixture reader accepts all real recovery prefixes without advancing the outcome (13.617875ms)
✔ accepted evidence is exact literal Unicode text and an unapproved draft is absent (5.455301ms)
✔ ordinary capture, lookup-only recovery and independent checkpoints use the existing ledger (6.627044ms)
✔ JSON key order and whitespace do not change the record, and returned facts are immutable (1.432156ms)
✔ invalid JSON, another document and unsupported record versions are refused (2.755517ms)
✔ saved summaries, approvals, identities and fixture definitions must match recorded events (12.353983ms)
✔ missing, extra and inherited-property fields cannot become trusted record facts (4.62437ms)
✔ event order, required metadata and payload types are checked before ledger replay (3.731737ms)
✔ shared ledger refuses contradictory lifecycle, money and capture identities in a file (7.490532ms)
✔ exact byte limit is inclusive and uses UTF-8 bytes rather than JavaScript characters (12.196246ms)
✔ event limit permits a bounded full history and rejects the next exact duplicate (205.90389ms)
✔ a reconciled fixture no longer asks the reviewer to keep its capture unknown (7.534349ms)
✔ a lost response and both webhook receipts retain current unknown guidance until reconciliation (0.81686ms)
✔ another unresolved checkpoint still takes priority over an earlier reconciled capture (2.333672ms)
✔ pending and never-requested captures remain distinct from resolved captures (0.446932ms)
✔ the example becomes a detached editable draft, with no inherited approvals (6.637129ms)
✔ an authored brief and checkpoints produce a bounded ledger seed and explicit unallocated cap (0.786524ms)
✔ incomplete, malformed and over-cap drafts cannot enter review (1.577584ms)
✔ field errors identify the actual editable checkpoint and budget (0.296657ms)
✔ USD authoring rejects unsupported notation and avoids silently rounding sub-cent entries (0.25263ms)
✔ generated identities remain distinct when titles match or resemble object keys (1.343562ms)
✔ every accepted safe cent amount is displayed without floating-dollar rounding (0.977271ms)
✔ sparse or absent checkpoint rows are refused as incomplete drafts (0.621705ms)
✔ approval uses the explicit reviewed evidence and refuses empty acceptance without any event (0.631971ms)
✔ plan, approval evidence and prior events cannot be changed through caller-owned objects (1.789293ms)
✔ review controls advance one legal event at a time and do not repeat pending requests (1.800379ms)
✔ the authored lost-response path stays unknown through duplicate receipt and reconciles exactly once (2.872233ms)
✔ independent checkpoints keep their amounts and receipt identities across mixed outcomes (3.698091ms)
✔ an unknown outcome can use the explicit simulated lookup without manufacturing a webhook (0.934507ms)
✔ unfinished fields remain an unapproved raw draft without invented monetary totals (2.335445ms)
✔ review uses recorded acceptance and preserves separate pending evidence and unallocated cap (4.207322ms)
✔ every allowed first-checkpoint phase exports native current state and exact recorded fields (17.71348ms)
✔ a completed first checkpoint does not hide a second unknown capture or count its duplicate receipt (15.317519ms)
✔ a portable review keeps literal authored markup inert and has no executable or external resources (0.877851ms)
✔ large valid cent amounts retain exact cents rather than rounded floating dollar values (0.619181ms)
✔ inconsistent caller snapshots and invalid source are refused without mutating a valid prior review (1.221088ms)
✔ HTML-normalized text is preserved by references or refused before creating a lossy document (0.849859ms)
✔ an unfinished draft preserves exact raw strings and still needs ordinary review validation (3.451985ms)
✔ mixed review restores exact history, accepted and pending evidence, totals, and next action (15.796344ms)
✔ every prefix of each ordinary authoring lifecycle reopens at the same next-step boundary (38.682237ms)
✔ empty pending evidence survives and never becomes an approval by saving or opening (0.83744ms)
✔ unsupported envelopes, constants, stages, types and extra fields are refused (3.366607ms)
✔ draft shapes and text bounds are enforced without normalizing unfinished input (3.539567ms)
✔ every canonical event field and sequence is checked against the unchanged fixture controls (72.99609ms)
✔ saved review drafts must belong to distinct existing unapproved checkpoints (7.469963ms)
✔ twelve checkpoints and their complete bounded histories retain exact cent totals (70.885874ms)
✔ opening accepts harmless JSON field order changes and makes no authenticity claim (2.640604ms)
✔ byte limits, failed saves and mismatched plans preserve the source workspace (7.18252ms)
✔ validated suggestions preserve editable text without retaining provider-owned objects (2.342786ms)
✔ the existing empty-list and text-length contracts are preserved (0.901216ms)
✔ serialized Unicode text at the schema character limits remains valid (2.192379ms)
✔ Unicode length limits count code points rather than graphemes (6.174253ms)
✔ root fields must be declared own data properties (0.484199ms)
✔ checkpoint records cannot smuggle inherited fields or undeclared approval data (0.406492ms)
✔ accessor fields are refused without evaluating provider code (0.61816ms)
✔ checkpoint lists must contain their own entries and cannot replace iteration (0.333833ms)
✔ ordinary and null-prototype data records normalize to the same result (0.602076ms)
✔ configured bindings support the existing direct, JSON, and response-string forms (1.314889ms)
✔ the async adapter rejects JSON-representable malformed suggestions in every supported response form (3.613629ms)
✔ each provider call receives an independent request schema (0.289065ms)
✔ inherited or accessor response envelopes do not bypass result validation (0.488806ms)
✔ missing or invalid bindings fail closed before any dispatch (0.614454ms)
✔ provider errors and malformed results are rejected without retry or fallback (1.857596ms)
✔ native field strings and LF pending evidence survive file roundtrips without normalization (7.275871ms)
✔ project label refuses external line breaks that native form assignment would change (0.795558ms)
✔ creative brief refuses external line breaks that native form assignment would change (0.259331ms)
✔ project cap refuses external line breaks that native form assignment would change (0.297098ms)
✔ checkpoint title refuses external line breaks that native form assignment would change (0.335345ms)
✔ checkpoint amount refuses external line breaks that native form assignment would change (0.251188ms)
✔ planned evidence refuses external line breaks that native form assignment would change (0.326451ms)
✔ pending review evidence refuses CR and CRLF before a native textarea can rewrite it (0.574575ms)
✔ saving incompatible in-memory fields refuses without altering the caller draft (0.439992ms)
ℹ tests 124
ℹ suites 0
ℹ pass 124
ℹ fail 0
ℹ cancelled 0
ℹ skipped 0
ℹ todo 0
ℹ duration_ms 573.044863
npm warn Unknown env config "http-proxy". This will stop working in the next major version of npm.
