
> scopesignal@0.1.0 test
> node --test

✔ review: all deterministic fixture events and reduced values retain exact serialized bytes (5.035993ms)
✔ review: money and order identity cannot disagree with approved checkpoint evidence (4.142761ms)
✔ review: raw replay preserves approval, order, capture, and reconciliation prerequisites (2.098896ms)
✔ review: altered receipt money cannot be disguised as an exact duplicate (1.588699ms)
✔ review: accepted independent capture paths serialize and replay at every prefix (23.483998ms)
✔ review: seed admission rejects checkpoint IDs that generate the same fixture order (2.285247ms)
✔ review: event payload accessors cannot execute a nested append while metadata is reserved (0.321153ms)
✔ an unresolved pending capture cannot be requested a second time (3.841648ms)
✔ a delayed lost response cannot undo a confirmed capture or be recorded twice (1.824274ms)
✔ a webhook event identity cannot be reused for a different capture or checkpoint (2.261601ms)
✔ a capture identity cannot count against two different checkpoints (0.692271ms)
✔ an unknown receipt reserves its capture identity before any amount is counted (1.536361ms)
✔ reconciliation and later receipts share the same capture binding (1.199754ms)
✔ one checkpoint cannot acquire a second capture through a new webhook event ID (0.521324ms)
✔ webhook and reconciliation identities must be nonempty canonical strings (7.415893ms)
✔ exact duplicate webhook delivery remains auditable in every supported capture state (2.326919ms)
✔ the public append path and reducer refuse lifecycle violations too (1.158462ms)
✔ replay derives receipt identity from history instead of trusting a duplicate flag (1.019563ms)
✔ published events cannot be edited or removed and append owns sequence metadata (0.463687ms)
✔ a ledger keeps its creation seed stable across caller mutation (5.541313ms)
✔ inherited object properties are not checkpoint identities (93.265153ms)
✔ three independent checkpoint capture paths compose without double counting (28.863579ms)
✔ approving one checkpoint preserves another pending draft, including initial line feeds (28.601559ms)
✔ refused approval retains empty and multiline drafts across repeated rerenders (8.961938ms)
✔ a suggestion survives approval of a different checkpoint (4.294659ms)
✔ accepted evidence comes from its recorded event and its controls cannot edit approval (5.886714ms)
✔ literal textarea-like text is preserved without adding editors (3.986084ms)
✔ successive approvals retain accepted evidence and count each approval once (3.425793ms)
✔ fixture totals and explicit replay behavior remain intact (2.354411ms)
✔ webhook rows describe receipt without claiming an unknown capture was counted (4.117211ms)
✔ download has a fixed safe filename and explicit fixture schema and provenance (3.898282ms)
✔ export records the actual replay events and reduced counted outcome (1.890834ms)
✔ accepted multiline and literal evidence comes from the exact approval event (1.205773ms)
✔ unapproved checkpoints have no approval evidence and no authored draft field (2.695114ms)
✔ every capture prefix exports the current outcome without advancing or inventing events (1.497402ms)
✔ repeated exports are deterministic and detached from the live in-memory ledger (1.225834ms)
✔ an empty fixture exports no approval and never represents a successful payment (0.315184ms)
✔ the timeline exposes every real fixture prefix and counts only after reconciliation (7.497866ms)
✔ backward, repeated and out-of-order inspection never changes the fixture or another ledger (3.631141ms)
✔ returned event and state objects cannot rewrite later timeline inspection (1.471473ms)
✔ invalid navigation refuses the index without losing valid timeline state (1.051642ms)
✔ fixture deterministically replays lost response, duplicate webhook, and one reconcile (5.398699ms)
✔ order and capture require prior explicit human approval and order (0.903269ms)
✔ lost response cannot be blindly captured again; reconcile is one-time (3.229547ms)
✔ same webhook event ID is idempotent and cannot double count (0.527313ms)
✔ reducer never counts duplicate webhook in fixture stream (0.914856ms)
✔ role previews are explicit local rules and never claim AI output (23.769648ms)
✔ Workers AI adapter fails closed without binding and has no paid fallback (0.546742ms)
✔ schema validation rejects malformed model output (2.404817ms)
✔ every shipped replay prefix presents its current reduced capture state (7.53989ms)
✔ ordinary webhook capture does not invent a reconciliation (0.559181ms)
✔ missing and unrecognized states do not become captured or safe-to-retry labels (0.185299ms)
✔ saved fixture reader accepts all real recovery prefixes without advancing the outcome (11.895018ms)
✔ accepted evidence is exact literal Unicode text and an unapproved draft is absent (1.546576ms)
✔ ordinary capture, lookup-only recovery and independent checkpoints use the existing ledger (4.307859ms)
✔ JSON key order and whitespace do not change the record, and returned facts are immutable (1.545715ms)
✔ invalid JSON, another document and unsupported record versions are refused (2.753311ms)
✔ saved summaries, approvals, identities and fixture definitions must match recorded events (10.943628ms)
✔ missing, extra and inherited-property fields cannot become trusted record facts (5.962327ms)
✔ event order, required metadata and payload types are checked before ledger replay (3.714537ms)
✔ shared ledger refuses contradictory lifecycle, money and capture identities in a file (7.511166ms)
✔ exact byte limit is inclusive and uses UTF-8 bytes rather than JavaScript characters (15.600663ms)
✔ event limit permits a bounded full history and rejects the next exact duplicate (184.661005ms)
✔ a reconciled fixture no longer asks the reviewer to keep its capture unknown (4.037782ms)
✔ a lost response and both webhook receipts retain current unknown guidance until reconciliation (1.113545ms)
✔ another unresolved checkpoint still takes priority over an earlier reconciled capture (2.86641ms)
✔ pending and never-requested captures remain distinct from resolved captures (0.608525ms)
✔ the example becomes a detached editable draft, with no inherited approvals (3.792223ms)
✔ an authored brief and checkpoints produce a bounded ledger seed and explicit unallocated cap (0.810519ms)
✔ incomplete, malformed and over-cap drafts cannot enter review (1.287697ms)
✔ field errors identify the actual editable checkpoint and budget (0.256396ms)
✔ USD authoring rejects unsupported notation and avoids silently rounding sub-cent entries (0.331138ms)
✔ generated identities remain distinct when titles match or resemble object keys (1.241027ms)
✔ every accepted safe cent amount is displayed without floating-dollar rounding (0.775186ms)
✔ sparse or absent checkpoint rows are refused as incomplete drafts (0.341203ms)
✔ approval uses the explicit reviewed evidence and refuses empty acceptance without any event (0.85109ms)
✔ plan, approval evidence and prior events cannot be changed through caller-owned objects (7.119828ms)
✔ review controls advance one legal event at a time and do not repeat pending requests (2.054781ms)
✔ the authored lost-response path stays unknown through duplicate receipt and reconciles exactly once (2.863156ms)
✔ independent checkpoints keep their amounts and receipt identities across mixed outcomes (7.334811ms)
✔ an unknown outcome can use the explicit simulated lookup without manufacturing a webhook (0.881786ms)
✔ unfinished fields remain an unapproved raw draft without invented monetary totals (2.828424ms)
✔ review uses recorded acceptance and preserves separate pending evidence and unallocated cap (5.375655ms)
✔ every allowed first-checkpoint phase exports native current state and exact recorded fields (21.041454ms)
✔ a completed first checkpoint does not hide a second unknown capture or count its duplicate receipt (13.473483ms)
✔ a portable review keeps literal authored markup inert and has no executable or external resources (1.198242ms)
✔ large valid cent amounts retain exact cents rather than rounded floating dollar values (0.999223ms)
✔ inconsistent caller snapshots and invalid source are refused without mutating a valid prior review (1.772265ms)
✔ HTML-normalized text is preserved by references or refused before creating a lossy document (1.174887ms)
✔ revision retains raw original terms, order and amount spelling, not accepted or pending evidence (9.346867ms)
✔ revision from approved preserves the original current history and creates no inherited events (4.875642ms)
✔ revision from order ready preserves the original current history and creates no inherited events (9.812556ms)
✔ revision from pending capture preserves the original current history and creates no inherited events (7.908454ms)
✔ revision from unknown capture preserves the original current history and creates no inherited events (4.72725ms)
✔ revision from unknown with duplicate receipts preserves the original current history and creates no inherited events (14.132919ms)
✔ revision from reconciled capture preserves the original current history and creates no inherited events (11.098562ms)
✔ revision from direct captured receipt preserves the original current history and creates no inherited events (8.11867ms)
✔ unapproved reviews and editable drafts refuse a revision and retain their state (1.268318ms)
✔ a reopened approved workspace produces the same revision and the existing format can open it again (5.081873ms)
✔ original source terms may be frozen and repeated revision downloads stay identical (2.9386ms)
✔ current review/terms inconsistency refuses before producing a derivative (0.774094ms)
✔ invalid pending evidence or current event facts are not silently discarded to create a revision (0.999563ms)
✔ existing JSON-preservable Unicode, NUL and lone-surrogate draft text remain exact (1.943433ms)
✔ all twelve reordered checkpoint definitions and maximum admitted text remain original terms (248.273352ms)
✔ an unfinished draft preserves exact raw strings and still needs ordinary review validation (3.823892ms)
✔ mixed review restores exact history, accepted and pending evidence, totals, and next action (14.316971ms)
✔ every prefix of each ordinary authoring lifecycle reopens at the same next-step boundary (46.620994ms)
✔ empty pending evidence survives and never becomes an approval by saving or opening (1.132734ms)
✔ unsupported envelopes, constants, stages, types and extra fields are refused (1.477903ms)
✔ draft shapes and text bounds are enforced without normalizing unfinished input (2.975586ms)
✔ every canonical event field and sequence is checked against the unchanged fixture controls (78.465711ms)
✔ saved review drafts must belong to distinct existing unapproved checkpoints (9.455185ms)
✔ twelve checkpoints and their complete bounded histories retain exact cent totals (89.876537ms)
✔ opening accepts harmless JSON field order changes and makes no authenticity claim (4.558446ms)
✔ byte limits, failed saves and mismatched plans preserve the source workspace (11.438072ms)
✔ validated suggestions preserve editable text without retaining provider-owned objects (2.570145ms)
✔ the existing empty-list and text-length contracts are preserved (0.965603ms)
✔ serialized Unicode text at the schema character limits remains valid (1.947579ms)
✔ Unicode length limits count code points rather than graphemes (2.277665ms)
✔ root fields must be declared own data properties (0.500863ms)
✔ checkpoint records cannot smuggle inherited fields or undeclared approval data (0.356215ms)
✔ accessor fields are refused without evaluating provider code (0.426441ms)
✔ checkpoint lists must contain their own entries and cannot replace iteration (0.289335ms)
✔ ordinary and null-prototype data records normalize to the same result (0.710128ms)
✔ configured bindings support the existing direct, JSON, and response-string forms (1.218192ms)
✔ the async adapter rejects JSON-representable malformed suggestions in every supported response form (4.442241ms)
✔ each provider call receives an independent request schema (0.344809ms)
✔ inherited or accessor response envelopes do not bypass result validation (0.407543ms)
✔ missing or invalid bindings fail closed before any dispatch (0.591019ms)
✔ provider errors and malformed results are rejected without retry or fallback (2.412237ms)
✔ native field strings and LF pending evidence survive file roundtrips without normalization (4.064022ms)
✔ project label refuses external line breaks that native form assignment would change (0.707193ms)
✔ creative brief refuses external line breaks that native form assignment would change (0.23938ms)
✔ project cap refuses external line breaks that native form assignment would change (0.256385ms)
✔ checkpoint title refuses external line breaks that native form assignment would change (0.369816ms)
✔ checkpoint amount refuses external line breaks that native form assignment would change (0.25277ms)
✔ planned evidence refuses external line breaks that native form assignment would change (0.257758ms)
✔ pending review evidence refuses CR and CRLF before a native textarea can rewrite it (0.629617ms)
✔ saving incompatible in-memory fields refuses without altering the caller draft (0.434263ms)
ℹ tests 139
ℹ suites 0
ℹ pass 139
ℹ fail 0
ℹ cancelled 0
ℹ skipped 0
ℹ todo 0
ℹ duration_ms 696.791013
npm warn Unknown env config "http-proxy". This will stop working in the next major version of npm.
