✔ review: all deterministic fixture events and reduced values retain exact serialized bytes (4.352769ms)
✔ review: money and order identity cannot disagree with approved checkpoint evidence (3.832857ms)
✔ review: raw replay preserves approval, order, capture, and reconciliation prerequisites (1.507909ms)
✔ review: altered receipt money cannot be disguised as an exact duplicate (1.15646ms)
✔ review: accepted independent capture paths serialize and replay at every prefix (13.206256ms)
✔ review: seed admission rejects checkpoint IDs that generate the same fixture order (1.167306ms)
✔ review: event payload accessors cannot execute a nested append while metadata is reserved (0.300231ms)
✔ an unresolved pending capture cannot be requested a second time (5.23705ms)
✔ a delayed lost response cannot undo a confirmed capture or be recorded twice (2.327202ms)
✔ a webhook event identity cannot be reused for a different capture or checkpoint (2.826323ms)
✔ a capture identity cannot count against two different checkpoints (0.922237ms)
✔ an unknown receipt reserves its capture identity before any amount is counted (1.738515ms)
✔ reconciliation and later receipts share the same capture binding (1.180226ms)
✔ one checkpoint cannot acquire a second capture through a new webhook event ID (1.349421ms)
✔ webhook and reconciliation identities must be nonempty canonical strings (12.014498ms)
✔ exact duplicate webhook delivery remains auditable in every supported capture state (3.168748ms)
✔ the public append path and reducer refuse lifecycle violations too (1.897215ms)
✔ replay derives receipt identity from history instead of trusting a duplicate flag (0.659131ms)
✔ published events cannot be edited or removed and append owns sequence metadata (0.602817ms)
✔ a ledger keeps its creation seed stable across caller mutation (2.054361ms)
✔ inherited object properties are not checkpoint identities (91.651591ms)
✔ three independent checkpoint capture paths compose without double counting (18.868967ms)
✔ approving one checkpoint preserves another pending draft, including initial line feeds (28.041073ms)
✔ refused approval retains empty and multiline drafts across repeated rerenders (6.95819ms)
✔ a suggestion survives approval of a different checkpoint (4.509345ms)
✔ accepted evidence comes from its recorded event and its controls cannot edit approval (5.62241ms)
✔ literal textarea-like text is preserved without adding editors (3.457732ms)
✔ successive approvals retain accepted evidence and count each approval once (3.62906ms)
✔ fixture totals and explicit replay behavior remain intact (3.787269ms)
✔ webhook rows describe receipt without claiming an unknown capture was counted (3.961381ms)
✔ download has a fixed safe filename and explicit fixture schema and provenance (4.058727ms)
✔ export records the actual replay events and reduced counted outcome (2.044046ms)
✔ accepted multiline and literal evidence comes from the exact approval event (1.064802ms)
✔ unapproved checkpoints have no approval evidence and no authored draft field (2.16698ms)
✔ every capture prefix exports the current outcome without advancing or inventing events (1.177762ms)
✔ repeated exports are deterministic and detached from the live in-memory ledger (1.682802ms)
✔ an empty fixture exports no approval and never represents a successful payment (0.262394ms)
✔ the timeline exposes every real fixture prefix and counts only after reconciliation (5.738955ms)
✔ backward, repeated and out-of-order inspection never changes the fixture or another ledger (4.031276ms)
✔ returned event and state objects cannot rewrite later timeline inspection (1.637914ms)
✔ invalid navigation refuses the index without losing valid timeline state (0.993895ms)
✔ fixture deterministically replays lost response, duplicate webhook, and one reconcile (5.513375ms)
✔ order and capture require prior explicit human approval and order (0.982158ms)
✔ lost response cannot be blindly captured again; reconcile is one-time (1.814971ms)
✔ same webhook event ID is idempotent and cannot double count (0.584559ms)
✔ reducer never counts duplicate webhook in fixture stream (0.562286ms)
✔ role previews are explicit local rules and never claim AI output (17.420913ms)
✔ Workers AI adapter fails closed without binding and has no paid fallback (0.589497ms)
✔ schema validation rejects malformed model output (0.551941ms)
✔ every shipped replay prefix presents its current reduced capture state (4.809236ms)
✔ ordinary webhook capture does not invent a reconciliation (0.648155ms)
✔ missing and unrecognized states do not become captured or safe-to-retry labels (0.222164ms)
✔ saved fixture reader accepts all real recovery prefixes without advancing the outcome (11.695247ms)
✔ accepted evidence is exact literal Unicode text and an unapproved draft is absent (1.672326ms)
✔ ordinary capture, lookup-only recovery and independent checkpoints use the existing ledger (4.254061ms)
✔ JSON key order and whitespace do not change the record, and returned facts are immutable (1.531184ms)
✔ invalid JSON, another document and unsupported record versions are refused (3.41601ms)
✔ saved summaries, approvals, identities and fixture definitions must match recorded events (14.950115ms)
✔ missing, extra and inherited-property fields cannot become trusted record facts (2.673974ms)
✔ event order, required metadata and payload types are checked before ledger replay (6.134461ms)
✔ shared ledger refuses contradictory lifecycle, money and capture identities in a file (8.919961ms)
✔ exact byte limit is inclusive and uses UTF-8 bytes rather than JavaScript characters (14.961141ms)
✔ event limit permits a bounded full history and rejects the next exact duplicate (248.453444ms)
✔ a reconciled fixture no longer asks the reviewer to keep its capture unknown (4.275504ms)
✔ a lost response and both webhook receipts retain current unknown guidance until reconciliation (1.08334ms)
✔ another unresolved checkpoint still takes priority over an earlier reconciled capture (3.128718ms)
✔ pending and never-requested captures remain distinct from resolved captures (2.536216ms)
✔ literal quoted CSV becomes a native draft; ordinary review remains a separate action (4.794354ms)
✔ one leading UTF-8 BOM, quoted headers, CRLF records and a final delimiter are accepted (0.325009ms)
✔ a BOM inside a field stays literal (0.37863ms)
✔ empty fields and unfinished money remain editable, never silently repriced (0.327974ms)
✔ over-budget drafts preserve source amounts and native review refusal (0.886574ms)
✔ caller bytes and metadata are unchanged and the prepared record is independent (2.01392ms)
✔ all 12 rows, every native maximum and exact large cents survive (6.870933ms)
✔ the one MiB boundary is accepted by CSV decoding and one byte more is refused (287.635664ms)
✔ input bounds count UTF-8 bytes rather than characters (1.965738ms)
✔ refuses empty input without producing a partial workspace (0.219881ms)
✔ refuses BOM only without producing a partial workspace (3.962909ms)
✔ refuses header only without producing a partial workspace (0.286802ms)
✔ refuses more than 12 rows without producing a partial workspace (1.104982ms)
✔ refuses reordered header without producing a partial workspace (0.207542ms)
✔ refuses duplicate header without producing a partial workspace (0.129555ms)
✔ refuses header spaces without producing a partial workspace (0.135834ms)
✔ refuses double BOM without producing a partial workspace (0.135304ms)
✔ refuses extra header field without producing a partial workspace (0.084488ms)
✔ refuses missing row field without producing a partial workspace (0.088593ms)
✔ refuses extra row field without producing a partial workspace (0.069675ms)
✔ refuses blank record without producing a partial workspace (0.067151ms)
✔ refuses bare CR separator without producing a partial workspace (0.117267ms)
✔ refuses unterminated quotes without producing a partial workspace (0.149775ms)
✔ refuses quote in unquoted field without producing a partial workspace (0.080761ms)
✔ refuses text after quote without producing a partial workspace (0.071297ms)
✔ refuses space before quote without producing a partial workspace (0.067462ms)
✔ refuses space after quote without producing a partial workspace (0.120572ms)
✔ invalid UTF-8, UTF-16 input and non-byte callers are refused (0.384308ms)
✔ native draft admission remains authoritative for title line break (0.196255ms)
✔ native draft admission remains authoritative for amount line break (0.109665ms)
✔ native draft admission remains authoritative for quoted CRLF evidence (0.103936ms)
✔ native draft admission remains authoritative for quoted bare CR evidence (0.116525ms)
✔ native draft admission remains authoritative for title limit (0.156055ms)
✔ native draft admission remains authoritative for amount limit (0.109084ms)
✔ native draft admission remains authoritative for evidence limit (0.447543ms)
✔ native draft admission remains authoritative for label limit (0.254063ms)
✔ native draft admission remains authoritative for brief limit (0.136465ms)
✔ native draft admission remains authoritative for cap limit (0.137176ms)
✔ native draft admission remains authoritative for metadata CR (0.103286ms)
✔ unfinished strings remain literal and invalid amounts stay unknown (6.290285ms)
✔ accepted and empty pending evidence retain their native meanings (10.830557ms)
✔ all real lifecycle prefixes retain exact history and capture accounting (31.0564ms)
✔ different accepted facts produce divergent histories under the same plan (1.253936ms)
✔ different plans never gain a common history from positional IDs or manual pairing (6.378939ms)
✔ same-definition pairing follows unique literal content across row numbers (0.512291ms)
✔ duplicate definitions and titles never force a positional pairing (0.423727ms)
✔ inserting or removing a row leaves explicit unpaired definitions (0.892503ms)
✔ manual pairing is injective, reversible, and leaves caller choices intact (3.874876ms)
✔ malformed pairing maps are refused before comparison (0.864581ms)
✔ textual amount changes remain visible even when parsed cents agree (0.286401ms)
✔ money fields preserve native safe cents without a lossy difference calculation (0.294443ms)
✔ the original strict decoder refuses changed envelope and event facts (13.136086ms)
✔ draft and review quantities remain distinguishable, including zero events (2.501244ms)
✔ canonical history checks ignore JSON field order but retain exact event values (22.861389ms)
✔ read and compare return immutable values without mutating live source review (1.923394ms)
✔ the example becomes a detached editable draft, with no inherited approvals (3.46938ms)
✔ an authored brief and checkpoints produce a bounded ledger seed and explicit unallocated cap (0.662858ms)
✔ incomplete, malformed and over-cap drafts cannot enter review (1.312886ms)
✔ field errors identify the actual editable checkpoint and budget (0.258248ms)
✔ USD authoring rejects unsupported notation and avoids silently rounding sub-cent entries (0.366572ms)
✔ generated identities remain distinct when titles match or resemble object keys (1.421609ms)
✔ every accepted safe cent amount is displayed without floating-dollar rounding (0.581736ms)
✔ sparse or absent checkpoint rows are refused as incomplete drafts (0.402986ms)
✔ approval uses the explicit reviewed evidence and refuses empty acceptance without any event (1.10698ms)
✔ plan, approval evidence and prior events cannot be changed through caller-owned objects (3.352174ms)
✔ review controls advance one legal event at a time and do not repeat pending requests (2.496917ms)
✔ the authored lost-response path stays unknown through duplicate receipt and reconciles exactly once (3.147406ms)
✔ independent checkpoints keep their amounts and receipt identities across mixed outcomes (4.534833ms)
✔ an unknown outcome can use the explicit simulated lookup without manufacturing a webhook (0.938172ms)
✔ unfinished fields remain an unapproved raw draft without invented monetary totals (3.032162ms)
✔ review uses recorded acceptance and preserves separate pending evidence and unallocated cap (5.878806ms)
✔ every allowed first-checkpoint phase exports native current state and exact recorded fields (23.885726ms)
✔ a completed first checkpoint does not hide a second unknown capture or count its duplicate receipt (21.654883ms)
✔ a portable review keeps literal authored markup inert and has no executable or external resources (1.772186ms)
✔ large valid cent amounts retain exact cents rather than rounded floating dollar values (1.000996ms)
✔ inconsistent caller snapshots and invalid source are refused without mutating a valid prior review (1.946489ms)
✔ HTML-normalized text is preserved by references or refused before creating a lossy document (0.992364ms)
✔ revision retains raw original terms, order and amount spelling, not accepted or pending evidence (7.687197ms)
✔ revision from approved preserves the original current history and creates no inherited events (4.372299ms)
✔ revision from order ready preserves the original current history and creates no inherited events (3.121397ms)
✔ revision from pending capture preserves the original current history and creates no inherited events (9.717282ms)
✔ revision from unknown capture preserves the original current history and creates no inherited events (8.00581ms)
✔ revision from unknown with duplicate receipts preserves the original current history and creates no inherited events (17.56469ms)
✔ revision from reconciled capture preserves the original current history and creates no inherited events (11.88564ms)
✔ revision from direct captured receipt preserves the original current history and creates no inherited events (6.971069ms)
✔ unapproved reviews and editable drafts refuse a revision and retain their state (0.939303ms)
✔ a reopened approved workspace produces the same revision and the existing format can open it again (8.904769ms)
✔ original source terms may be frozen and repeated revision downloads stay identical (2.988627ms)
✔ current review/terms inconsistency refuses before producing a derivative (0.711791ms)
✔ invalid pending evidence or current event facts are not silently discarded to create a revision (2.690338ms)
✔ existing JSON-preservable Unicode, NUL and lone-surrogate draft text remain exact (2.373752ms)
✔ all twelve reordered checkpoint definitions and maximum admitted text remain original terms (252.401233ms)
✔ an unfinished draft preserves exact raw strings and still needs ordinary review validation (3.8418ms)
✔ mixed review restores exact history, accepted and pending evidence, totals, and next action (12.552767ms)
✔ every prefix of each ordinary authoring lifecycle reopens at the same next-step boundary (42.340028ms)
✔ empty pending evidence survives and never becomes an approval by saving or opening (0.92367ms)
✔ unsupported envelopes, constants, stages, types and extra fields are refused (0.930831ms)
✔ draft shapes and text bounds are enforced without normalizing unfinished input (1.367388ms)
✔ every canonical event field and sequence is checked against the unchanged fixture controls (79.219731ms)
✔ saved review drafts must belong to distinct existing unapproved checkpoints (13.886649ms)
✔ twelve checkpoints and their complete bounded histories retain exact cent totals (101.287065ms)
✔ opening accepts harmless JSON field order changes and makes no authenticity claim (2.798561ms)
✔ byte limits, failed saves and mismatched plans preserve the source workspace (7.739766ms)
✔ validated suggestions preserve editable text without retaining provider-owned objects (6.056659ms)
✔ the existing empty-list and text-length contracts are preserved (2.167161ms)
✔ serialized Unicode text at the schema character limits remains valid (2.197386ms)
✔ Unicode length limits count code points rather than graphemes (4.256415ms)
✔ root fields must be declared own data properties (1.013074ms)
✔ checkpoint records cannot smuggle inherited fields or undeclared approval data (0.614224ms)
✔ accessor fields are refused without evaluating provider code (0.496017ms)
✔ checkpoint lists must contain their own entries and cannot replace iteration (0.285349ms)
✔ ordinary and null-prototype data records normalize to the same result (0.594274ms)
✔ configured bindings support the existing direct, JSON, and response-string forms (1.113926ms)
✔ the async adapter rejects JSON-representable malformed suggestions in every supported response form (6.633827ms)
✔ each provider call receives an independent request schema (0.305179ms)
✔ inherited or accessor response envelopes do not bypass result validation (0.313221ms)
✔ missing or invalid bindings fail closed before any dispatch (1.905628ms)
✔ provider errors and malformed results are rejected without retry or fallback (2.534994ms)
✔ native field strings and LF pending evidence survive file roundtrips without normalization (4.752622ms)
✔ project label refuses external line breaks that native form assignment would change (0.721476ms)
✔ creative brief refuses external line breaks that native form assignment would change (0.249035ms)
✔ project cap refuses external line breaks that native form assignment would change (0.257047ms)
✔ checkpoint title refuses external line breaks that native form assignment would change (0.346071ms)
✔ checkpoint amount refuses external line breaks that native form assignment would change (0.234993ms)
✔ planned evidence refuses external line breaks that native form assignment would change (0.269485ms)
✔ pending review evidence refuses CR and CRLF before a native textarea can rewrite it (0.632121ms)
✔ saving incompatible in-memory fields refuses without altering the caller draft (0.336347ms)
ℹ tests 194
ℹ suites 0
ℹ pass 194
ℹ fail 0
ℹ cancelled 0
ℹ skipped 0
ℹ todo 0
ℹ duration_ms 755.637783
