✔ review: all deterministic fixture events and reduced values retain exact serialized bytes (4.769ms)
✔ review: money and order identity cannot disagree with approved checkpoint evidence (1.150583ms)
✔ review: raw replay preserves approval, order, capture, and reconciliation prerequisites (2.135791ms)
✔ review: altered receipt money cannot be disguised as an exact duplicate (0.440166ms)
✔ review: accepted independent capture paths serialize and replay at every prefix (6.473416ms)
✔ review: seed admission rejects checkpoint IDs that generate the same fixture order (0.372833ms)
✔ review: event payload accessors cannot execute a nested append while metadata is reserved (0.118792ms)
✔ an unresolved pending capture cannot be requested a second time (2.648542ms)
✔ a delayed lost response cannot undo a confirmed capture or be recorded twice (0.5935ms)
✔ a webhook event identity cannot be reused for a different capture or checkpoint (0.411833ms)
✔ a capture identity cannot count against two different checkpoints (0.393875ms)
✔ an unknown receipt reserves its capture identity before any amount is counted (1.017875ms)
✔ reconciliation and later receipts share the same capture binding (0.371875ms)
✔ one checkpoint cannot acquire a second capture through a new webhook event ID (0.195209ms)
✔ webhook and reconciliation identities must be nonempty canonical strings (10.36675ms)
✔ exact duplicate webhook delivery remains auditable in every supported capture state (1.700667ms)
✔ the public append path and reducer refuse lifecycle violations too (0.47525ms)
✔ replay derives receipt identity from history instead of trusting a duplicate flag (0.219417ms)
✔ published events cannot be edited or removed and append owns sequence metadata (0.187792ms)
✔ a ledger keeps its creation seed stable across caller mutation (0.144708ms)
✔ inherited object properties are not checkpoint identities (63.914542ms)
✔ three independent checkpoint capture paths compose without double counting (4.050792ms)
✔ download has a fixed safe filename and explicit fixture schema and provenance (2.019667ms)
✔ export records the actual replay events and reduced counted outcome (3.230833ms)
✔ accepted multiline and literal evidence comes from the exact approval event (1.000042ms)
✔ unapproved checkpoints have no approval evidence and no authored draft field (1.237541ms)
✔ every capture prefix exports the current outcome without advancing or inventing events (1.303042ms)
✔ repeated exports are deterministic and detached from the live in-memory ledger (0.944583ms)
✔ an empty fixture exports no approval and never represents a successful payment (1.044042ms)
✔ the timeline exposes every real fixture prefix and counts only after reconciliation (7.855625ms)
✔ backward, repeated and out-of-order inspection never changes the fixture or another ledger (1.490792ms)
✔ returned event and state objects cannot rewrite later timeline inspection (0.56825ms)
✔ invalid navigation refuses the index without losing valid timeline state (0.880958ms)
✔ fixture deterministically replays lost response, duplicate webhook, and one reconcile (3.996292ms)
✔ order and capture require prior explicit human approval and order (0.393042ms)
✔ lost response cannot be blindly captured again; reconcile is one-time (0.270666ms)
✔ same webhook event ID is idempotent and cannot double count (0.1895ms)
✔ reducer never counts duplicate webhook in fixture stream (0.219292ms)
✔ role previews are explicit local rules and never claim AI output (15.764834ms)
✔ Workers AI adapter fails closed without binding and has no paid fallback (0.532583ms)
✔ schema validation rejects malformed model output (0.295ms)
✔ every shipped replay prefix presents its current reduced capture state (5.269708ms)
✔ ordinary webhook capture does not invent a reconciliation (0.663458ms)
✔ missing and unrecognized states do not become captured or safe-to-retry labels (0.166458ms)
✔ saved fixture reader accepts all real recovery prefixes without advancing the outcome (4.6505ms)
✔ accepted evidence is exact literal Unicode text and an unapproved draft is absent (0.529542ms)
✔ ordinary capture, lookup-only recovery and independent checkpoints use the existing ledger (1.691334ms)
✔ JSON key order and whitespace do not change the record, and returned facts are immutable (0.622291ms)
✔ invalid JSON, another document and unsupported record versions are refused (2.174458ms)
✔ saved summaries, approvals, identities and fixture definitions must match recorded events (5.551875ms)
✔ missing, extra and inherited-property fields cannot become trusted record facts (2.801667ms)
✔ event order, required metadata and payload types are checked before ledger replay (2.811042ms)
✔ shared ledger refuses contradictory lifecycle, money and capture identities in a file (2.521792ms)
✔ exact byte limit is inclusive and uses UTF-8 bytes rather than JavaScript characters (2.796875ms)
✔ event limit permits a bounded full history and rejects the next exact duplicate (74.7685ms)
✔ a reconciled fixture no longer asks the reviewer to keep its capture unknown (2.458167ms)
✔ a lost response and both webhook receipts retain current unknown guidance until reconciliation (0.359333ms)
✔ another unresolved checkpoint still takes priority over an earlier reconciled capture (0.5595ms)
✔ pending and never-requested captures remain distinct from resolved captures (0.178333ms)
✔ the example becomes a detached editable draft, with no inherited approvals (2.226208ms)
✔ an authored brief and checkpoints produce a bounded ledger seed and explicit unallocated cap (0.24725ms)
✔ incomplete, malformed and over-cap drafts cannot enter review (0.728583ms)
✔ field errors identify the actual editable checkpoint and budget (0.077ms)
✔ USD authoring rejects unsupported notation and avoids silently rounding sub-cent entries (0.080959ms)
✔ generated identities remain distinct when titles match or resemble object keys (0.489541ms)
✔ every accepted safe cent amount is displayed without floating-dollar rounding (0.257209ms)
✔ sparse or absent checkpoint rows are refused as incomplete drafts (0.124583ms)
✔ approval uses the explicit reviewed evidence and refuses empty acceptance without any event (0.273333ms)
✔ plan, approval evidence and prior events cannot be changed through caller-owned objects (0.226709ms)
✔ review controls advance one legal event at a time and do not repeat pending requests (0.63525ms)
✔ the authored lost-response path stays unknown through duplicate receipt and reconciles exactly once (1.190625ms)
✔ independent checkpoints keep their amounts and receipt identities across mixed outcomes (0.915167ms)
✔ an unknown outcome can use the explicit simulated lookup without manufacturing a webhook (0.321834ms)
ℹ tests 73
ℹ suites 0
ℹ pass 73
ℹ fail 0
ℹ cancelled 0
ℹ skipped 0
ℹ todo 0
ℹ duration_ms 223.869708
