✔ review: all deterministic fixture events and reduced values retain exact serialized bytes (6.468791ms)
✔ review: money and order identity cannot disagree with approved checkpoint evidence (2.78975ms)
✔ review: raw replay preserves approval, order, capture, and reconciliation prerequisites (7.284833ms)
✔ review: altered receipt money cannot be disguised as an exact duplicate (0.433167ms)
✔ review: accepted independent capture paths serialize and replay at every prefix (9.871833ms)
✔ review: seed admission rejects checkpoint IDs that generate the same fixture order (2.6285ms)
✔ review: event payload accessors cannot execute a nested append while metadata is reserved (0.695708ms)
✔ an unresolved pending capture cannot be requested a second time (4.374ms)
✔ a delayed lost response cannot undo a confirmed capture or be recorded twice (0.705ms)
✔ a webhook event identity cannot be reused for a different capture or checkpoint (0.3915ms)
✔ a capture identity cannot count against two different checkpoints (0.30275ms)
✔ an unknown receipt reserves its capture identity before any amount is counted (1.198625ms)
✔ reconciliation and later receipts share the same capture binding (0.950875ms)
✔ one checkpoint cannot acquire a second capture through a new webhook event ID (0.52625ms)
✔ webhook and reconciliation identities must be nonempty canonical strings (5.781709ms)
✔ exact duplicate webhook delivery remains auditable in every supported capture state (1.287208ms)
✔ the public append path and reducer refuse lifecycle violations too (0.434542ms)
✔ replay derives receipt identity from history instead of trusting a duplicate flag (0.239042ms)
✔ published events cannot be edited or removed and append owns sequence metadata (0.629375ms)
✔ a ledger keeps its creation seed stable across caller mutation (0.53075ms)
✔ inherited object properties are not checkpoint identities (117.181083ms)
✔ three independent checkpoint capture paths compose without double counting (5.753958ms)
✔ approving one checkpoint preserves another pending draft, including initial line feeds (45.836167ms)
✔ refused approval retains empty and multiline drafts across repeated rerenders (4.040333ms)
✔ a suggestion survives approval of a different checkpoint (8.073084ms)
✔ accepted evidence comes from its recorded event and its controls cannot edit approval (7.005833ms)
✔ literal textarea-like text is preserved without adding editors (1.900375ms)
✔ successive approvals retain accepted evidence and count each approval once (4.876333ms)
✔ fixture totals and explicit replay behavior remain intact (2.626042ms)
✔ webhook rows describe receipt without claiming an unknown capture was counted (3.52325ms)
✔ download has a fixed safe filename and explicit fixture schema and provenance (24.522166ms)
✔ export records the actual replay events and reduced counted outcome (2.770625ms)
✔ accepted multiline and literal evidence comes from the exact approval event (1.305583ms)
✔ unapproved checkpoints have no approval evidence and no authored draft field (1.47225ms)
✔ every capture prefix exports the current outcome without advancing or inventing events (1.125916ms)
✔ repeated exports are deterministic and detached from the live in-memory ledger (0.839417ms)
✔ an empty fixture exports no approval and never represents a successful payment (0.097ms)
✔ the timeline exposes every real fixture prefix and counts only after reconciliation (7.152125ms)
✔ backward, repeated and out-of-order inspection never changes the fixture or another ledger (1.251875ms)
✔ returned event and state objects cannot rewrite later timeline inspection (0.525416ms)
✔ invalid navigation refuses the index without losing valid timeline state (1.046208ms)
✔ fixture deterministically replays lost response, duplicate webhook, and one reconcile (5.356125ms)
✔ order and capture require prior explicit human approval and order (0.391458ms)
✔ lost response cannot be blindly captured again; reconcile is one-time (0.27425ms)
✔ same webhook event ID is idempotent and cannot double count (0.196167ms)
✔ reducer never counts duplicate webhook in fixture stream (0.230292ms)
✔ role previews are explicit local rules and never claim AI output (27.689375ms)
✔ Workers AI adapter fails closed without binding and has no paid fallback (1.048125ms)
✔ schema validation rejects malformed model output (0.273167ms)
✔ every shipped replay prefix presents its current reduced capture state (11.842916ms)
✔ ordinary webhook capture does not invent a reconciliation (11.156459ms)
✔ missing and unrecognized states do not become captured or safe-to-retry labels (0.105042ms)
✔ saved fixture reader accepts all real recovery prefixes without advancing the outcome (6.755834ms)
✔ accepted evidence is exact literal Unicode text and an unapproved draft is absent (0.539917ms)
✔ ordinary capture, lookup-only recovery and independent checkpoints use the existing ledger (2.558ms)
✔ JSON key order and whitespace do not change the record, and returned facts are immutable (0.885459ms)
✔ invalid JSON, another document and unsupported record versions are refused (1.58575ms)
✔ saved summaries, approvals, identities and fixture definitions must match recorded events (3.409625ms)
✔ missing, extra and inherited-property fields cannot become trusted record facts (1.140375ms)
✔ event order, required metadata and payload types are checked before ledger replay (2.836708ms)
✔ shared ledger refuses contradictory lifecycle, money and capture identities in a file (3.777583ms)
✔ exact byte limit is inclusive and uses UTF-8 bytes rather than JavaScript characters (3.978542ms)
✔ event limit permits a bounded full history and rejects the next exact duplicate (120.490959ms)
✔ a reconciled fixture no longer asks the reviewer to keep its capture unknown (4.462083ms)
✔ a lost response and both webhook receipts retain current unknown guidance until reconciliation (1.967666ms)
✔ another unresolved checkpoint still takes priority over an earlier reconciled capture (0.662584ms)
✔ pending and never-requested captures remain distinct from resolved captures (0.600334ms)
✔ the example becomes a detached editable draft, with no inherited approvals (4.452792ms)
✔ an authored brief and checkpoints produce a bounded ledger seed and explicit unallocated cap (0.661292ms)
✔ incomplete, malformed and over-cap drafts cannot enter review (4.98075ms)
✔ field errors identify the actual editable checkpoint and budget (0.094583ms)
✔ USD authoring rejects unsupported notation and avoids silently rounding sub-cent entries (0.088208ms)
✔ generated identities remain distinct when titles match or resemble object keys (0.515708ms)
✔ every accepted safe cent amount is displayed without floating-dollar rounding (0.259583ms)
✔ sparse or absent checkpoint rows are refused as incomplete drafts (0.126792ms)
✔ approval uses the explicit reviewed evidence and refuses empty acceptance without any event (0.269ms)
✔ plan, approval evidence and prior events cannot be changed through caller-owned objects (0.244667ms)
✔ review controls advance one legal event at a time and do not repeat pending requests (0.698917ms)
✔ the authored lost-response path stays unknown through duplicate receipt and reconciles exactly once (2.859959ms)
✔ independent checkpoints keep their amounts and receipt identities across mixed outcomes (1.336833ms)
✔ an unknown outcome can use the explicit simulated lookup without manufacturing a webhook (0.6865ms)
✔ an unfinished draft preserves exact raw strings and still needs ordinary review validation (2.063959ms)
✔ mixed review restores exact history, accepted and pending evidence, totals, and next action (5.869792ms)
✔ every prefix of each ordinary authoring lifecycle reopens at the same next-step boundary (17.464375ms)
✔ empty pending evidence survives and never becomes an approval by saving or opening (0.575708ms)
✔ unsupported envelopes, constants, stages, types and extra fields are refused (0.511667ms)
✔ draft shapes and text bounds are enforced without normalizing unfinished input (0.496667ms)
✔ every canonical event field and sequence is checked against the unchanged fixture controls (31.365625ms)
✔ saved review drafts must belong to distinct existing unapproved checkpoints (4.914667ms)
✔ twelve checkpoints and their complete bounded histories retain exact cent totals (52.762458ms)
✔ opening accepts harmless JSON field order changes and makes no authenticity claim (1.7905ms)
✔ byte limits, failed saves and mismatched plans preserve the source workspace (3.695792ms)
✔ validated suggestions preserve editable text without retaining provider-owned objects (1.825791ms)
✔ the existing empty-list and text-length contracts are preserved (0.332667ms)
✔ serialized Unicode text at the schema character limits remains valid (1.564084ms)
✔ Unicode length limits count code points rather than graphemes (0.585667ms)
✔ root fields must be declared own data properties (0.1525ms)
✔ checkpoint records cannot smuggle inherited fields or undeclared approval data (0.128083ms)
✔ accessor fields are refused without evaluating provider code (0.426625ms)
✔ checkpoint lists must contain their own entries and cannot replace iteration (0.179041ms)
✔ ordinary and null-prototype data records normalize to the same result (0.261541ms)
✔ configured bindings support the existing direct, JSON, and response-string forms (0.597542ms)
✔ the async adapter rejects JSON-representable malformed suggestions in every supported response form (1.871042ms)
✔ each provider call receives an independent request schema (0.131ms)
✔ inherited or accessor response envelopes do not bypass result validation (0.137291ms)
✔ missing or invalid bindings fail closed before any dispatch (0.361666ms)
✔ provider errors and malformed results are rejected without retry or fallback (0.224792ms)
ℹ tests 107
ℹ suites 0
ℹ pass 107
ℹ fail 0
ℹ cancelled 0
ℹ skipped 0
ℹ todo 0
ℹ duration_ms 460.647334
