✔ review: all deterministic fixture events and reduced values retain exact serialized bytes (3.125625ms)
✔ review: money and order identity cannot disagree with approved checkpoint evidence (5.615583ms)
✔ review: raw replay preserves approval, order, capture, and reconciliation prerequisites (2.296166ms)
✔ review: altered receipt money cannot be disguised as an exact duplicate (1.268375ms)
✔ review: accepted independent capture paths serialize and replay at every prefix (8.722458ms)
✔ review: seed admission rejects checkpoint IDs that generate the same fixture order (0.377041ms)
✔ review: event payload accessors cannot execute a nested append while metadata is reserved (0.212459ms)
✔ an unresolved pending capture cannot be requested a second time (3.699292ms)
✔ a delayed lost response cannot undo a confirmed capture or be recorded twice (0.886625ms)
✔ a webhook event identity cannot be reused for a different capture or checkpoint (0.392542ms)
✔ a capture identity cannot count against two different checkpoints (0.688958ms)
✔ an unknown receipt reserves its capture identity before any amount is counted (2.877625ms)
✔ reconciliation and later receipts share the same capture binding (0.728ms)
✔ one checkpoint cannot acquire a second capture through a new webhook event ID (0.25925ms)
✔ webhook and reconciliation identities must be nonempty canonical strings (3.274541ms)
✔ exact duplicate webhook delivery remains auditable in every supported capture state (2.531667ms)
✔ the public append path and reducer refuse lifecycle violations too (0.516958ms)
✔ replay derives receipt identity from history instead of trusting a duplicate flag (0.570167ms)
✔ published events cannot be edited or removed and append owns sequence metadata (0.843083ms)
✔ a ledger keeps its creation seed stable across caller mutation (0.526083ms)
✔ inherited object properties are not checkpoint identities (71.319875ms)
✔ three independent checkpoint capture paths compose without double counting (4.7525ms)
✔ approving one checkpoint preserves another pending draft, including initial line feeds (39.171708ms)
✔ refused approval retains empty and multiline drafts across repeated rerenders (5.604542ms)
✔ a suggestion survives approval of a different checkpoint (5.351917ms)
✔ accepted evidence comes from its recorded event and its controls cannot edit approval (2.036292ms)
✔ literal textarea-like text is preserved without adding editors (1.300334ms)
✔ successive approvals retain accepted evidence and count each approval once (2.028125ms)
✔ fixture totals and explicit replay behavior remain intact (1.901375ms)
✔ webhook rows describe receipt without claiming an unknown capture was counted (3.838125ms)
✔ download has a fixed safe filename and explicit fixture schema and provenance (2.600667ms)
✔ export records the actual replay events and reduced counted outcome (2.213792ms)
✔ accepted multiline and literal evidence comes from the exact approval event (1.240084ms)
✔ unapproved checkpoints have no approval evidence and no authored draft field (1.320625ms)
✔ every capture prefix exports the current outcome without advancing or inventing events (1.107709ms)
✔ repeated exports are deterministic and detached from the live in-memory ledger (1.869125ms)
✔ an empty fixture exports no approval and never represents a successful payment (0.234167ms)
✔ the timeline exposes every real fixture prefix and counts only after reconciliation (5.100834ms)
✔ backward, repeated and out-of-order inspection never changes the fixture or another ledger (1.060042ms)
✔ returned event and state objects cannot rewrite later timeline inspection (0.543334ms)
✔ invalid navigation refuses the index without losing valid timeline state (1.188125ms)
✔ fixture deterministically replays lost response, duplicate webhook, and one reconcile (4.431709ms)
✔ order and capture require prior explicit human approval and order (0.398416ms)
✔ lost response cannot be blindly captured again; reconcile is one-time (0.271416ms)
✔ same webhook event ID is idempotent and cannot double count (0.194458ms)
✔ reducer never counts duplicate webhook in fixture stream (0.241209ms)
✔ role previews are explicit local rules and never claim AI output (16.709625ms)
✔ Workers AI adapter fails closed without binding and has no paid fallback (0.260709ms)
✔ schema validation rejects malformed model output (0.180792ms)
✔ every shipped replay prefix presents its current reduced capture state (10.831333ms)
✔ ordinary webhook capture does not invent a reconciliation (0.955333ms)
✔ missing and unrecognized states do not become captured or safe-to-retry labels (0.991916ms)
✔ saved fixture reader accepts all real recovery prefixes without advancing the outcome (5.703625ms)
✔ accepted evidence is exact literal Unicode text and an unapproved draft is absent (0.621667ms)
✔ ordinary capture, lookup-only recovery and independent checkpoints use the existing ledger (1.360875ms)
✔ JSON key order and whitespace do not change the record, and returned facts are immutable (1.05225ms)
✔ invalid JSON, another document and unsupported record versions are refused (2.964917ms)
✔ saved summaries, approvals, identities and fixture definitions must match recorded events (17.876417ms)
✔ missing, extra and inherited-property fields cannot become trusted record facts (1.124834ms)
✔ event order, required metadata and payload types are checked before ledger replay (4.986167ms)
✔ shared ledger refuses contradictory lifecycle, money and capture identities in a file (4.689125ms)
✔ exact byte limit is inclusive and uses UTF-8 bytes rather than JavaScript characters (4.590125ms)
✔ event limit permits a bounded full history and rejects the next exact duplicate (88.193833ms)
✔ a reconciled fixture no longer asks the reviewer to keep its capture unknown (9.037666ms)
✔ a lost response and both webhook receipts retain current unknown guidance until reconciliation (0.486167ms)
✔ another unresolved checkpoint still takes priority over an earlier reconciled capture (0.477417ms)
✔ pending and never-requested captures remain distinct from resolved captures (0.187667ms)
✔ the example becomes a detached editable draft, with no inherited approvals (3.228417ms)
✔ an authored brief and checkpoints produce a bounded ledger seed and explicit unallocated cap (0.3415ms)
✔ incomplete, malformed and over-cap drafts cannot enter review (0.959125ms)
✔ field errors identify the actual editable checkpoint and budget (0.087875ms)
✔ USD authoring rejects unsupported notation and avoids silently rounding sub-cent entries (0.087875ms)
✔ generated identities remain distinct when titles match or resemble object keys (0.551958ms)
✔ every accepted safe cent amount is displayed without floating-dollar rounding (0.254709ms)
✔ sparse or absent checkpoint rows are refused as incomplete drafts (0.125542ms)
✔ approval uses the explicit reviewed evidence and refuses empty acceptance without any event (0.27625ms)
✔ plan, approval evidence and prior events cannot be changed through caller-owned objects (0.227125ms)
✔ review controls advance one legal event at a time and do not repeat pending requests (0.6315ms)
✔ the authored lost-response path stays unknown through duplicate receipt and reconciles exactly once (1.250542ms)
✔ independent checkpoints keep their amounts and receipt identities across mixed outcomes (1.253459ms)
✔ an unknown outcome can use the explicit simulated lookup without manufacturing a webhook (0.347542ms)
✔ validated suggestions preserve editable text without retaining provider-owned objects (2.171625ms)
✔ the existing empty-list and text-length contracts are preserved (0.378209ms)
✔ serialized Unicode text at the schema character limits remains valid (1.194375ms)
✔ Unicode length limits count code points rather than graphemes (0.46525ms)
✔ root fields must be declared own data properties (0.15725ms)
✔ checkpoint records cannot smuggle inherited fields or undeclared approval data (0.153ms)
✔ accessor fields are refused without evaluating provider code (0.119167ms)
✔ checkpoint lists must contain their own entries and cannot replace iteration (0.116333ms)
✔ ordinary and null-prototype data records normalize to the same result (0.091667ms)
✔ configured bindings support the existing direct, JSON, and response-string forms (0.244917ms)
✔ the async adapter rejects JSON-representable malformed suggestions in every supported response form (1.649375ms)
✔ each provider call receives an independent request schema (0.091625ms)
✔ inherited or accessor response envelopes do not bypass result validation (0.113042ms)
✔ missing or invalid bindings fail closed before any dispatch (0.254208ms)
✔ provider errors and malformed results are rejected without retry or fallback (0.179959ms)
ℹ tests 96
ℹ suites 0
ℹ pass 96
ℹ fail 0
ℹ cancelled 0
ℹ skipped 0
ℹ todo 0
ℹ duration_ms 290.302042
