✔ review: all deterministic fixture events and reduced values retain exact serialized bytes (4.339263ms)
✔ review: money and order identity cannot disagree with approved checkpoint evidence (6.013833ms)
✔ review: raw replay preserves approval, order, capture, and reconciliation prerequisites (1.442442ms)
✔ review: altered receipt money cannot be disguised as an exact duplicate (0.806765ms)
✔ review: accepted independent capture paths serialize and replay at every prefix (11.795339ms)
✔ review: seed admission rejects checkpoint IDs that generate the same fixture order (0.668887ms)
✔ review: event payload accessors cannot execute a nested append while metadata is reserved (0.23908ms)
✔ an unresolved pending capture cannot be requested a second time (4.435889ms)
✔ a delayed lost response cannot undo a confirmed capture or be recorded twice (2.269036ms)
✔ a webhook event identity cannot be reused for a different capture or checkpoint (3.910698ms)
✔ a capture identity cannot count against two different checkpoints (2.468416ms)
✔ an unknown receipt reserves its capture identity before any amount is counted (3.126127ms)
✔ reconciliation and later receipts share the same capture binding (1.522923ms)
✔ one checkpoint cannot acquire a second capture through a new webhook event ID (0.771201ms)
✔ webhook and reconciliation identities must be nonempty canonical strings (20.068766ms)
✔ exact duplicate webhook delivery remains auditable in every supported capture state (7.929459ms)
✔ the public append path and reducer refuse lifecycle violations too (1.238214ms)
✔ replay derives receipt identity from history instead of trusting a duplicate flag (0.7105ms)
✔ published events cannot be edited or removed and append owns sequence metadata (1.338115ms)
✔ a ledger keeps its creation seed stable across caller mutation (0.53141ms)
✔ inherited object properties are not checkpoint identities (82.835528ms)
✔ three independent checkpoint capture paths compose without double counting (14.067155ms)
✔ approving one checkpoint preserves another pending draft, including initial line feeds (31.738306ms)
✔ refused approval retains empty and multiline drafts across repeated rerenders (6.264622ms)
✔ a suggestion survives approval of a different checkpoint (4.213353ms)
✔ accepted evidence comes from its recorded event and its controls cannot edit approval (7.230787ms)
✔ literal textarea-like text is preserved without adding editors (4.980459ms)
✔ successive approvals retain accepted evidence and count each approval once (4.135396ms)
✔ fixture totals and explicit replay behavior remain intact (2.617491ms)
✔ webhook rows describe receipt without claiming an unknown capture was counted (3.201299ms)
✔ download has a fixed safe filename and explicit fixture schema and provenance (5.645339ms)
✔ export records the actual replay events and reduced counted outcome (1.306116ms)
✔ accepted multiline and literal evidence comes from the exact approval event (2.99559ms)
✔ unapproved checkpoints have no approval evidence and no authored draft field (6.239394ms)
✔ every capture prefix exports the current outcome without advancing or inventing events (2.951064ms)
✔ repeated exports are deterministic and detached from the live in-memory ledger (1.064263ms)
✔ an empty fixture exports no approval and never represents a successful payment (0.483288ms)
✔ the timeline exposes every real fixture prefix and counts only after reconciliation (11.638423ms)
✔ backward, repeated and out-of-order inspection never changes the fixture or another ledger (5.879122ms)
✔ returned event and state objects cannot rewrite later timeline inspection (2.082485ms)
✔ invalid navigation refuses the index without losing valid timeline state (0.944853ms)
✔ fixture deterministically replays lost response, duplicate webhook, and one reconcile (4.347426ms)
✔ order and capture require prior explicit human approval and order (1.105634ms)
✔ lost response cannot be blindly captured again; reconcile is one-time (2.03907ms)
✔ same webhook event ID is idempotent and cannot double count (0.565502ms)
✔ reducer never counts duplicate webhook in fixture stream (0.690139ms)
✔ role previews are explicit local rules and never claim AI output (20.400816ms)
✔ Workers AI adapter fails closed without binding and has no paid fallback (0.45779ms)
✔ schema validation rejects malformed model output (0.323487ms)
✔ every shipped replay prefix presents its current reduced capture state (8.76033ms)
✔ ordinary webhook capture does not invent a reconciliation (0.664711ms)
✔ missing and unrecognized states do not become captured or safe-to-retry labels (0.234723ms)
✔ saved fixture reader accepts all real recovery prefixes without advancing the outcome (9.224859ms)
✔ accepted evidence is exact literal Unicode text and an unapproved draft is absent (1.612969ms)
✔ ordinary capture, lookup-only recovery and independent checkpoints use the existing ledger (3.245075ms)
✔ JSON key order and whitespace do not change the record, and returned facts are immutable (1.640189ms)
✔ invalid JSON, another document and unsupported record versions are refused (4.013794ms)
✔ saved summaries, approvals, identities and fixture definitions must match recorded events (10.272116ms)
✔ missing, extra and inherited-property fields cannot become trusted record facts (4.909862ms)
✔ event order, required metadata and payload types are checked before ledger replay (6.669071ms)
✔ shared ledger refuses contradictory lifecycle, money and capture identities in a file (10.515331ms)
✔ exact byte limit is inclusive and uses UTF-8 bytes rather than JavaScript characters (14.712501ms)
✔ event limit permits a bounded full history and rejects the next exact duplicate (191.617413ms)
✔ a reconciled fixture no longer asks the reviewer to keep its capture unknown (5.245547ms)
✔ a lost response and both webhook receipts retain current unknown guidance until reconciliation (0.701907ms)
✔ another unresolved checkpoint still takes priority over an earlier reconciled capture (1.882164ms)
✔ pending and never-requested captures remain distinct from resolved captures (1.950842ms)
✔ help and usage are explicit and create no files (593.606649ms)
✔ reviewed history produces byte-exact existing HTML and a measured receipt in Unicode paths (197.901459ms)
✔ unfinished fields, a UTF-8 BOM, and literal leading-dash paths use the unchanged draft exporter (75.888484ms)
▶ admission and HTML-only refusals create no output and preserve source bytes
  ✔ malformed (72.99327ms)
  ✔ wrong-schema (76.475649ms)
  ✔ forged-history (76.528743ms)
  ✔ invalid-utf8 (123.959535ms)
  ✔ too-large (99.719851ms)
  ✔ html-only (77.287836ms)
✔ admission and HTML-only refusals create no output and preserve source bytes (532.886108ms)
✔ the exact 1 MiB input boundary is accepted and the consumed-byte hash includes JSON padding (84.45372ms)
✔ existing output, the saved input itself, and hardlink aliases remain unchanged (245.457659ms)
▶ existing and dangling destination symlinks are never followed or replaced
  ✔ false (84.822961ms)
  ✔ true (81.03649ms)
✔ existing and dangling destination symlinks are never followed or replaced (169.701266ms)
✔ missing and nonregular input or unusable output parents refuse before publication (453.912158ms)
✔ input symlinks are explicitly refused (81.562552ms)
✔ a FIFO input is refused without waiting for a writer (74.658748ms)
✔ concurrent invocations publish exactly one complete review (112.335248ms)
✖ the public package command returns the same physical artifact and JSON receipt (99.412968ms)
✔ unfinished strings remain literal and invalid amounts stay unknown (3.222692ms)
✔ accepted and empty pending evidence retain their native meanings (7.63806ms)
✔ all real lifecycle prefixes retain exact history and capture accounting (19.970774ms)
✔ different accepted facts produce divergent histories under the same plan (1.099906ms)
✔ different plans never gain a common history from positional IDs or manual pairing (4.693526ms)
✔ same-definition pairing follows unique literal content across row numbers (0.462617ms)
✔ duplicate definitions and titles never force a positional pairing (1.217003ms)
✔ inserting or removing a row leaves explicit unpaired definitions (0.502867ms)
✔ manual pairing is injective, reversible, and leaves caller choices intact (0.521865ms)
✔ malformed pairing maps are refused before comparison (0.944011ms)
✔ textual amount changes remain visible even when parsed cents agree (0.307743ms)
✔ money fields preserve native safe cents without a lossy difference calculation (0.236136ms)
✔ the original strict decoder refuses changed envelope and event facts (7.324808ms)
✔ draft and review quantities remain distinguishable, including zero events (0.905323ms)
✔ canonical history checks ignore JSON field order but retain exact event values (10.971184ms)
✔ read and compare return immutable values without mutating live source review (1.04296ms)
✔ exports a standalone full comparison with both file labels and all chosen pairs (4.822181ms)
✔ replays unknown and reconciled outcomes without counting webhook receipts twice (22.629562ms)
✔ all real lifecycle prefixes have complete retained event lists and correct direction (40.825168ms)
✔ explicit pairing and unpaired rows remain visible without historical identity claims (1.258405ms)
✔ duplicate definitions stay unpaired until explicitly chosen (1.185315ms)
✔ draft strings, unavailable values, empty evidence and literal markup are preserved distinctly (2.892435ms)
✔ large safe cent values keep their exact cents (2.354224ms)
✔ different plans and divergent evidence keep their separate history relationships (16.38528ms)
✔ malformed files, unsupported data and non-injective pairs are refused before delivery (6.380026ms)
✔ caller-supplied snapshots and totals cannot replace the admitted file facts (5.556787ms)
✔ HTML-incompatible strings fail without modifying files and a valid retry still succeeds (1.827091ms)
✔ removed fields return at their original position with later survivor edits intact (2.102826ms)
✔ every admitted row position restores without changing order or fields (8.414189ms)
✔ a newer removal replaces the older recovery, without resurrecting both rows (0.266511ms)
✔ clear retires recovery at controller lifecycle boundaries (0.201804ms)
✔ last-row, out-of-range and malformed removal requests make no change (0.517178ms)
✔ invalid extra actions do not replace a valid pending removal (0.205619ms)
✔ restoration refuses an incompatible row count and keeps caller input intact (0.304759ms)
✔ restored unfinished values still face unchanged scope validation (0.793755ms)
✔ a reviewed scope before approval exposes a real zero-event state (4.86168ms)
✔ authored mixed capture paths retain every exact event and the count-at-that-point (15.461448ms)
✔ accepted evidence starts at its own approval, with unrecorded editor notes excluded (2.798845ms)
✔ captured history and returned steps cannot mutate the current review or another step (12.127669ms)
✔ complete workspace admission refuses a later corrupted event before exposing history (12.475263ms)
✔ drafts, mismatched stage and malformed inputs remain unavailable rather than fabricated history (1.043732ms)
✔ invalid positions do not alias a real event or change future reads (4.241937ms)
✔ twelve authored checkpoints and their full recovered histories keep exact identities and totals (154.436242ms)
✔ maximum safe cent values remain integers at historical points (5.375102ms)
✔ the example becomes a detached editable draft, with no inherited approvals (4.473445ms)
✔ an authored brief and checkpoints produce a bounded ledger seed and explicit unallocated cap (2.301355ms)
✔ incomplete, malformed and over-cap drafts cannot enter review (1.274619ms)
✔ field errors identify the actual editable checkpoint and budget (0.256075ms)
✔ USD authoring rejects unsupported notation and avoids silently rounding sub-cent entries (0.29243ms)
✔ generated identities remain distinct when titles match or resemble object keys (1.264954ms)
✔ every accepted safe cent amount is displayed without floating-dollar rounding (0.741015ms)
✔ sparse or absent checkpoint rows are refused as incomplete drafts (0.579693ms)
✔ approval uses the explicit reviewed evidence and refuses empty acceptance without any event (0.897452ms)
✔ plan, approval evidence and prior events cannot be changed through caller-owned objects (3.88595ms)
✔ review controls advance one legal event at a time and do not repeat pending requests (1.880231ms)
✔ the authored lost-response path stays unknown through duplicate receipt and reconciles exactly once (2.733185ms)
✔ independent checkpoints keep their amounts and receipt identities across mixed outcomes (3.502904ms)
✔ an unknown outcome can use the explicit simulated lookup without manufacturing a webhook (0.93655ms)
✔ unfinished fields remain an unapproved raw draft without invented monetary totals (2.879145ms)
✔ review uses recorded acceptance and preserves separate pending evidence and unallocated cap (7.049003ms)
✔ every allowed first-checkpoint phase exports native current state and exact recorded fields (19.27804ms)
✔ a completed first checkpoint does not hide a second unknown capture or count its duplicate receipt (13.30334ms)
✔ a portable review keeps literal authored markup inert and has no executable or external resources (0.941337ms)
✔ large valid cent amounts retain exact cents rather than rounded floating dollar values (0.708967ms)
✔ inconsistent caller snapshots and invalid source are refused without mutating a valid prior review (1.425697ms)
✔ HTML-normalized text is preserved by references or refused before creating a lossy document (0.829579ms)
✔ revision retains raw original terms, order and amount spelling, not accepted or pending evidence (7.114972ms)
✔ revision from approved preserves the original current history and creates no inherited events (4.227846ms)
✔ revision from order ready preserves the original current history and creates no inherited events (3.077153ms)
✔ revision from pending capture preserves the original current history and creates no inherited events (10.429923ms)
✔ revision from unknown capture preserves the original current history and creates no inherited events (4.424522ms)
✔ revision from unknown with duplicate receipts preserves the original current history and creates no inherited events (6.461488ms)
✔ revision from reconciled capture preserves the original current history and creates no inherited events (8.895173ms)
✔ revision from direct captured receipt preserves the original current history and creates no inherited events (7.126059ms)
✔ unapproved reviews and editable drafts refuse a revision and retain their state (1.782364ms)
✔ a reopened approved workspace produces the same revision and the existing format can open it again (7.421404ms)
✔ original source terms may be frozen and repeated revision downloads stay identical (1.626118ms)
✔ current review/terms inconsistency refuses before producing a derivative (0.452471ms)
✔ invalid pending evidence or current event facts are not silently discarded to create a revision (0.652773ms)
✔ existing JSON-preservable Unicode, NUL and lone-surrogate draft text remain exact (1.657115ms)
✔ all twelve reordered checkpoint definitions and maximum admitted text remain original terms (201.026949ms)
✔ an unfinished draft preserves exact raw strings and still needs ordinary review validation (2.925796ms)
✔ mixed review restores exact history, accepted and pending evidence, totals, and next action (13.678445ms)
✔ every prefix of each ordinary authoring lifecycle reopens at the same next-step boundary (29.659045ms)
✔ empty pending evidence survives and never becomes an approval by saving or opening (1.004472ms)
✔ unsupported envelopes, constants, stages, types and extra fields are refused (0.985474ms)
✔ draft shapes and text bounds are enforced without normalizing unfinished input (1.127938ms)
✔ every canonical event field and sequence is checked against the unchanged fixture controls (70.700779ms)
✔ saved review drafts must belong to distinct existing unapproved checkpoints (8.1693ms)
✔ twelve checkpoints and their complete bounded histories retain exact cent totals (79.209649ms)
✔ opening accepts harmless JSON field order changes and makes no authenticity claim (2.566785ms)
✔ byte limits, failed saves and mismatched plans preserve the source workspace (6.893138ms)
✔ validated suggestions preserve editable text without retaining provider-owned objects (1.943606ms)
✔ the existing empty-list and text-length contracts are preserved (0.648917ms)
✔ serialized Unicode text at the schema character limits remains valid (1.168479ms)
✔ Unicode length limits count code points rather than graphemes (4.406163ms)
✔ root fields must be declared own data properties (0.336677ms)
✔ checkpoint records cannot smuggle inherited fields or undeclared approval data (0.251478ms)
✔ accessor fields are refused without evaluating provider code (0.294443ms)
✔ checkpoint lists must contain their own entries and cannot replace iteration (0.308654ms)
✔ ordinary and null-prototype data records normalize to the same result (0.235394ms)
✔ configured bindings support the existing direct, JSON, and response-string forms (0.606973ms)
✔ the async adapter rejects JSON-representable malformed suggestions in every supported response form (2.266111ms)
✔ each provider call receives an independent request schema (0.196926ms)
✔ inherited or accessor response envelopes do not bypass result validation (0.321534ms)
✔ missing or invalid bindings fail closed before any dispatch (0.465972ms)
✔ provider errors and malformed results are rejected without retry or fallback (4.562309ms)
✔ native field strings and LF pending evidence survive file roundtrips without normalization (4.797443ms)
✔ project label refuses external line breaks that native form assignment would change (0.727125ms)
✔ creative brief refuses external line breaks that native form assignment would change (0.240512ms)
✔ project cap refuses external line breaks that native form assignment would change (0.307343ms)
✔ checkpoint title refuses external line breaks that native form assignment would change (0.300433ms)
✔ checkpoint amount refuses external line breaks that native form assignment would change (0.23256ms)
✔ planned evidence refuses external line breaks that native form assignment would change (0.230357ms)
✔ pending review evidence refuses CR and CRLF before a native textarea can rewrite it (0.419332ms)
✔ saving incompatible in-memory fields refuses without altering the caller draft (0.251028ms)
ℹ tests 203
ℹ suites 0
ℹ pass 202
ℹ fail 1
ℹ cancelled 0
ℹ skipped 0
ℹ todo 0
ℹ duration_ms 3007.623255

✖ failing tests:

test at tests/review-workspace-cli.test.mjs:255:1
✖ the public package command returns the same physical artifact and JSON receipt (99.412968ms)
  AssertionError [ERR_ASSERTION]: Expected values to be strictly equal:
  
  228 !== 0
  
      at TestContext.<anonymous> (file:///dev/evaluation-69570d292200/scope-workspace-cli/tests/review-workspace-cli.test.mjs:267:10)
      at async Test.run (node:internal/test_runner/test:1389:7)
      at async Test.processPendingSubtests (node:internal/test_runner/test:960:7) {
    generatedMessage: true,
    code: 'ERR_ASSERTION',
    actual: 228,
    expected: 0,
    operator: 'strictEqual',
    diff: 'simple'
  }
