✔ review: all deterministic fixture events and reduced values retain exact serialized bytes (5.004063ms)
✔ review: money and order identity cannot disagree with approved checkpoint evidence (4.360394ms)
✔ review: raw replay preserves approval, order, capture, and reconciliation prerequisites (1.571146ms)
✔ review: altered receipt money cannot be disguised as an exact duplicate (1.284814ms)
✔ review: accepted independent capture paths serialize and replay at every prefix (12.1767ms)
✔ review: seed admission rejects checkpoint IDs that generate the same fixture order (2.057257ms)
✔ review: event payload accessors cannot execute a nested append while metadata is reserved (0.595937ms)
✔ an unresolved pending capture cannot be requested a second time (4.123418ms)
✔ a delayed lost response cannot undo a confirmed capture or be recorded twice (2.002905ms)
✔ a webhook event identity cannot be reused for a different capture or checkpoint (3.137984ms)
✔ a capture identity cannot count against two different checkpoints (1.092675ms)
✔ an unknown receipt reserves its capture identity before any amount is counted (2.244278ms)
✔ reconciliation and later receipts share the same capture binding (1.411244ms)
✔ one checkpoint cannot acquire a second capture through a new webhook event ID (0.71757ms)
✔ webhook and reconciliation identities must be nonempty canonical strings (10.712546ms)
✔ exact duplicate webhook delivery remains auditable in every supported capture state (2.353899ms)
✔ the public append path and reducer refuse lifecycle violations too (0.791662ms)
✔ replay derives receipt identity from history instead of trusting a duplicate flag (0.840706ms)
✔ published events cannot be edited or removed and append owns sequence metadata (0.423017ms)
✔ a ledger keeps its creation seed stable across caller mutation (0.719002ms)
✔ inherited object properties are not checkpoint identities (71.331423ms)
✔ three independent checkpoint capture paths compose without double counting (12.262249ms)
✔ approving one checkpoint preserves another pending draft, including initial line feeds (28.169421ms)
✔ refused approval retains empty and multiline drafts across repeated rerenders (6.92083ms)
✔ a suggestion survives approval of a different checkpoint (3.438997ms)
✔ accepted evidence comes from its recorded event and its controls cannot edit approval (5.199017ms)
✔ literal textarea-like text is preserved without adding editors (6.671603ms)
✔ successive approvals retain accepted evidence and count each approval once (4.23782ms)
✔ fixture totals and explicit replay behavior remain intact (2.84305ms)
✔ webhook rows describe receipt without claiming an unknown capture was counted (2.623289ms)
✔ download has a fixed safe filename and explicit fixture schema and provenance (3.758218ms)
✔ export records the actual replay events and reduced counted outcome (1.458205ms)
✔ accepted multiline and literal evidence comes from the exact approval event (1.891508ms)
✔ unapproved checkpoints have no approval evidence and no authored draft field (1.217733ms)
✔ every capture prefix exports the current outcome without advancing or inventing events (1.003821ms)
✔ repeated exports are deterministic and detached from the live in-memory ledger (0.952504ms)
✔ an empty fixture exports no approval and never represents a successful payment (0.826034ms)
✔ the timeline exposes every real fixture prefix and counts only after reconciliation (6.990865ms)
✔ backward, repeated and out-of-order inspection never changes the fixture or another ledger (4.067613ms)
✔ returned event and state objects cannot rewrite later timeline inspection (1.576723ms)
✔ invalid navigation refuses the index without losing valid timeline state (0.981578ms)
✔ fixture deterministically replays lost response, duplicate webhook, and one reconcile (6.102978ms)
✔ order and capture require prior explicit human approval and order (0.758492ms)
✔ lost response cannot be blindly captured again; reconcile is one-time (1.581881ms)
✔ same webhook event ID is idempotent and cannot double count (0.468094ms)
✔ reducer never counts duplicate webhook in fixture stream (0.472852ms)
✔ role previews are explicit local rules and never claim AI output (23.259746ms)
✔ Workers AI adapter fails closed without binding and has no paid fallback (0.436207ms)
✔ schema validation rejects malformed model output (0.321164ms)
✔ every shipped replay prefix presents its current reduced capture state (6.24454ms)
✔ ordinary webhook capture does not invent a reconciliation (0.643248ms)
✔ missing and unrecognized states do not become captured or safe-to-retry labels (0.220773ms)
✔ saved fixture reader accepts all real recovery prefixes without advancing the outcome (9.818321ms)
✔ accepted evidence is exact literal Unicode text and an unapproved draft is absent (1.641481ms)
✔ ordinary capture, lookup-only recovery and independent checkpoints use the existing ledger (3.447961ms)
✔ JSON key order and whitespace do not change the record, and returned facts are immutable (1.932279ms)
✔ invalid JSON, another document and unsupported record versions are refused (3.408371ms)
✔ saved summaries, approvals, identities and fixture definitions must match recorded events (8.524352ms)
✔ missing, extra and inherited-property fields cannot become trusted record facts (4.862029ms)
✔ event order, required metadata and payload types are checked before ledger replay (3.717777ms)
✔ shared ledger refuses contradictory lifecycle, money and capture identities in a file (6.050699ms)
✔ exact byte limit is inclusive and uses UTF-8 bytes rather than JavaScript characters (9.902718ms)
✔ event limit permits a bounded full history and rejects the next exact duplicate (190.915457ms)
✔ a reconciled fixture no longer asks the reviewer to keep its capture unknown (4.119983ms)
✔ a lost response and both webhook receipts retain current unknown guidance until reconciliation (1.204913ms)
✔ another unresolved checkpoint still takes priority over an earlier reconciled capture (2.267623ms)
✔ pending and never-requested captures remain distinct from resolved captures (0.857491ms)
✔ the example becomes a detached editable draft, with no inherited approvals (3.038465ms)
✔ an authored brief and checkpoints produce a bounded ledger seed and explicit unallocated cap (0.656278ms)
✔ incomplete, malformed and over-cap drafts cannot enter review (0.882308ms)
✔ field errors identify the actual editable checkpoint and budget (0.415516ms)
✔ USD authoring rejects unsupported notation and avoids silently rounding sub-cent entries (0.415375ms)
✔ generated identities remain distinct when titles match or resemble object keys (0.925744ms)
✔ every accepted safe cent amount is displayed without floating-dollar rounding (0.7702ms)
✔ sparse or absent checkpoint rows are refused as incomplete drafts (0.996575ms)
✔ approval uses the explicit reviewed evidence and refuses empty acceptance without any event (0.647916ms)
✔ plan, approval evidence and prior events cannot be changed through caller-owned objects (1.626118ms)
✔ review controls advance one legal event at a time and do not repeat pending requests (1.711096ms)
✔ the authored lost-response path stays unknown through duplicate receipt and reconciles exactly once (2.573193ms)
✔ independent checkpoints keep their amounts and receipt identities across mixed outcomes (6.810482ms)
✔ an unknown outcome can use the explicit simulated lookup without manufacturing a webhook (0.946135ms)
✔ unfinished fields remain an unapproved raw draft without invented monetary totals (3.051273ms)
✔ review uses recorded acceptance and preserves separate pending evidence and unallocated cap (7.168081ms)
✔ every allowed first-checkpoint phase exports native current state and exact recorded fields (16.097238ms)
✔ a completed first checkpoint does not hide a second unknown capture or count its duplicate receipt (18.984325ms)
✔ a portable review keeps literal authored markup inert and has no executable or external resources (1.277213ms)
✔ large valid cent amounts retain exact cents rather than rounded floating dollar values (2.239822ms)
✔ inconsistent caller snapshots and invalid source are refused without mutating a valid prior review (2.016816ms)
✔ HTML-normalized text is preserved by references or refused before creating a lossy document (1.470374ms)
✔ an unfinished draft preserves exact raw strings and still needs ordinary review validation (3.319276ms)
✔ mixed review restores exact history, accepted and pending evidence, totals, and next action (18.658239ms)
✔ every prefix of each ordinary authoring lifecycle reopens at the same next-step boundary (38.253587ms)
✔ empty pending evidence survives and never becomes an approval by saving or opening (1.071943ms)
✔ unsupported envelopes, constants, stages, types and extra fields are refused (1.374759ms)
✔ draft shapes and text bounds are enforced without normalizing unfinished input (1.518456ms)
✔ every canonical event field and sequence is checked against the unchanged fixture controls (79.011205ms)
✔ saved review drafts must belong to distinct existing unapproved checkpoints (8.787008ms)
✔ twelve checkpoints and their complete bounded histories retain exact cent totals (110.156066ms)
✔ opening accepts harmless JSON field order changes and makes no authenticity claim (4.269707ms)
✔ byte limits, failed saves and mismatched plans preserve the source workspace (10.818025ms)
✔ validated suggestions preserve editable text without retaining provider-owned objects (2.078319ms)
✔ the existing empty-list and text-length contracts are preserved (0.649587ms)
✔ serialized Unicode text at the schema character limits remains valid (1.112144ms)
✔ Unicode length limits count code points rather than graphemes (2.917501ms)
✔ root fields must be declared own data properties (0.367163ms)
✔ checkpoint records cannot smuggle inherited fields or undeclared approval data (0.243146ms)
✔ accessor fields are refused without evaluating provider code (0.294002ms)
✔ checkpoint lists must contain their own entries and cannot replace iteration (0.211889ms)
✔ ordinary and null-prototype data records normalize to the same result (0.813605ms)
✔ configured bindings support the existing direct, JSON, and response-string forms (1.033305ms)
✔ the async adapter rejects JSON-representable malformed suggestions in every supported response form (2.966576ms)
✔ each provider call receives an independent request schema (0.402386ms)
✔ inherited or accessor response envelopes do not bypass result validation (0.408155ms)
✔ missing or invalid bindings fail closed before any dispatch (0.85ms)
✔ provider errors and malformed results are rejected without retry or fallback (2.93586ms)
✔ native field strings and LF pending evidence survive file roundtrips without normalization (4.803451ms)
✔ project label refuses external line breaks that native form assignment would change (0.761266ms)
✔ creative brief refuses external line breaks that native form assignment would change (0.315745ms)
✔ project cap refuses external line breaks that native form assignment would change (0.360713ms)
✔ checkpoint title refuses external line breaks that native form assignment would change (0.286582ms)
✔ checkpoint amount refuses external line breaks that native form assignment would change (0.226971ms)
✔ planned evidence refuses external line breaks that native form assignment would change (0.202605ms)
✔ pending review evidence refuses CR and CRLF before a native textarea can rewrite it (0.526032ms)
✔ saving incompatible in-memory fields refuses without altering the caller draft (0.298629ms)
ℹ tests 124
ℹ suites 0
ℹ pass 124
ℹ fail 0
ℹ cancelled 0
ℹ skipped 0
ℹ todo 0
ℹ duration_ms 584.057173
