✔ download has a fixed safe filename and explicit fixture schema and provenance (1.276084ms)
✔ export records the actual replay events and reduced counted outcome (0.819042ms)
✔ accepted multiline and literal evidence comes from the exact approval event (0.200125ms)
✔ unapproved checkpoints have no approval evidence and no authored draft field (1.133708ms)
✔ every capture prefix exports the current outcome without advancing or inventing events (0.624541ms)
✔ repeated exports are deterministic and detached from the live in-memory ledger (0.23175ms)
✔ an empty fixture exports no approval and never represents a successful payment (0.099834ms)
✔ the timeline exposes every real fixture prefix and counts only after reconciliation (2.160541ms)
✔ backward, repeated and out-of-order inspection never changes the fixture or another ledger (0.763375ms)
✔ returned event and state objects cannot rewrite later timeline inspection (0.327ms)
✔ invalid navigation refuses the index without losing valid timeline state (0.158ms)
✔ fixture deterministically replays lost response, duplicate webhook, and one reconcile (1.804709ms)
✔ order and capture require prior explicit human approval and order (0.231292ms)
✔ lost response cannot be blindly captured again; reconcile is one-time (0.100042ms)
✔ same webhook event ID is idempotent and cannot double count (0.814916ms)
✔ reducer never counts duplicate webhook in fixture stream (0.23575ms)
✔ role previews are explicit local rules and never claim AI output (11.193875ms)
✔ Workers AI adapter fails closed without binding and has no paid fallback (0.241917ms)
✔ schema validation rejects malformed model output (0.13575ms)
✔ every shipped replay prefix presents its current reduced capture state (1.227292ms)
✔ ordinary webhook capture does not invent a reconciliation (0.125916ms)
✔ missing and unrecognized states do not become captured or safe-to-retry labels (0.067375ms)
✔ a reconciled fixture no longer asks the reviewer to keep its capture unknown (1.242792ms)
✔ a lost response and both webhook receipts retain current unknown guidance until reconciliation (0.140125ms)
✔ another unresolved checkpoint still takes priority over an earlier reconciled capture (0.109ms)
✔ pending and never-requested captures remain distinct from resolved captures (0.083ms)
ℹ tests 26
ℹ suites 0
ℹ pass 26
ℹ fail 0
ℹ cancelled 0
ℹ skipped 0
ℹ todo 0
ℹ duration_ms 105.044458
