✔ review: all deterministic fixture events and reduced values retain exact serialized bytes (3.835166ms)
✔ review: money and order identity cannot disagree with approved checkpoint evidence (2.36475ms)
✔ review: raw replay preserves approval, order, capture, and reconciliation prerequisites (4.540375ms)
✔ review: altered receipt money cannot be disguised as an exact duplicate (0.523042ms)
✔ review: accepted independent capture paths serialize and replay at every prefix (16.831542ms)
✔ review: seed admission rejects checkpoint IDs that generate the same fixture order (1.304ms)
✔ review: event payload accessors cannot execute a nested append while metadata is reserved (0.174458ms)
✔ an unresolved pending capture cannot be requested a second time (3.061208ms)
✔ a delayed lost response cannot undo a confirmed capture or be recorded twice (1.6095ms)
✔ a webhook event identity cannot be reused for a different capture or checkpoint (2.029ms)
✔ a capture identity cannot count against two different checkpoints (1.301458ms)
✔ an unknown receipt reserves its capture identity before any amount is counted (2.600875ms)
✔ reconciliation and later receipts share the same capture binding (6.946125ms)
✔ one checkpoint cannot acquire a second capture through a new webhook event ID (0.618708ms)
✔ webhook and reconciliation identities must be nonempty canonical strings (10.440666ms)
✔ exact duplicate webhook delivery remains auditable in every supported capture state (2.419375ms)
✔ the public append path and reducer refuse lifecycle violations too (2.148083ms)
✔ replay derives receipt identity from history instead of trusting a duplicate flag (0.319208ms)
✔ published events cannot be edited or removed and append owns sequence metadata (0.580041ms)
✔ a ledger keeps its creation seed stable across caller mutation (0.323667ms)
✔ inherited object properties are not checkpoint identities (164.932375ms)
✔ three independent checkpoint capture paths compose without double counting (5.800875ms)
✔ download has a fixed safe filename and explicit fixture schema and provenance (4.195667ms)
✔ export records the actual replay events and reduced counted outcome (7.554833ms)
✔ accepted multiline and literal evidence comes from the exact approval event (5.607916ms)
✔ unapproved checkpoints have no approval evidence and no authored draft field (5.226042ms)
✔ every capture prefix exports the current outcome without advancing or inventing events (0.928375ms)
✔ repeated exports are deterministic and detached from the live in-memory ledger (0.667667ms)
✔ an empty fixture exports no approval and never represents a successful payment (0.289708ms)
✔ the timeline exposes every real fixture prefix and counts only after reconciliation (11.432875ms)
✔ backward, repeated and out-of-order inspection never changes the fixture or another ledger (1.790083ms)
✔ returned event and state objects cannot rewrite later timeline inspection (2.888542ms)
✔ invalid navigation refuses the index without losing valid timeline state (5.708875ms)
✔ fixture deterministically replays lost response, duplicate webhook, and one reconcile (10.527166ms)
✔ order and capture require prior explicit human approval and order (0.534583ms)
✔ lost response cannot be blindly captured again; reconcile is one-time (0.4525ms)
✔ same webhook event ID is idempotent and cannot double count (0.590125ms)
✔ reducer never counts duplicate webhook in fixture stream (2.683375ms)
✔ role previews are explicit local rules and never claim AI output (25.844875ms)
✔ Workers AI adapter fails closed without binding and has no paid fallback (2.600625ms)
✔ schema validation rejects malformed model output (0.492125ms)
✔ every shipped replay prefix presents its current reduced capture state (4.160584ms)
✔ ordinary webhook capture does not invent a reconciliation (1.498458ms)
✔ missing and unrecognized states do not become captured or safe-to-retry labels (0.735458ms)
✔ saved fixture reader accepts all real recovery prefixes without advancing the outcome (16.020334ms)
✔ accepted evidence is exact literal Unicode text and an unapproved draft is absent (3.223833ms)
✔ ordinary capture, lookup-only recovery and independent checkpoints use the existing ledger (3.464625ms)
✔ JSON key order and whitespace do not change the record, and returned facts are immutable (4.715291ms)
✔ invalid JSON, another document and unsupported record versions are refused (1.467542ms)
✔ saved summaries, approvals, identities and fixture definitions must match recorded events (15.226583ms)
✔ missing, extra and inherited-property fields cannot become trusted record facts (2.7845ms)
✔ event order, required metadata and payload types are checked before ledger replay (3.207375ms)
✔ shared ledger refuses contradictory lifecycle, money and capture identities in a file (7.728041ms)
✔ exact byte limit is inclusive and uses UTF-8 bytes rather than JavaScript characters (5.987375ms)
✔ event limit permits a bounded full history and rejects the next exact duplicate (158.963583ms)
✔ a reconciled fixture no longer asks the reviewer to keep its capture unknown (3.768208ms)
✔ a lost response and both webhook receipts retain current unknown guidance until reconciliation (6.137708ms)
✔ another unresolved checkpoint still takes priority over an earlier reconciled capture (1.396792ms)
✔ pending and never-requested captures remain distinct from resolved captures (1.214375ms)
ℹ tests 59
ℹ suites 0
ℹ pass 59
ℹ fail 0
ℹ cancelled 0
ℹ skipped 0
ℹ todo 0
ℹ duration_ms 565.598833
