✔ review: all deterministic fixture events and reduced values retain exact serialized bytes (4.482958ms)
✔ review: money and order identity cannot disagree with approved checkpoint evidence (2.178042ms)
✔ review: raw replay preserves approval, order, capture, and reconciliation prerequisites (2.151583ms)
✔ review: altered receipt money cannot be disguised as an exact duplicate (1.031958ms)
✔ review: accepted independent capture paths serialize and replay at every prefix (7.226625ms)
✔ review: seed admission rejects checkpoint IDs that generate the same fixture order (0.384917ms)
✔ review: event payload accessors cannot execute a nested append while metadata is reserved (0.122708ms)
✔ an unresolved pending capture cannot be requested a second time (2.539792ms)
✔ a delayed lost response cannot undo a confirmed capture or be recorded twice (2.178625ms)
✔ a webhook event identity cannot be reused for a different capture or checkpoint (1.257958ms)
✔ a capture identity cannot count against two different checkpoints (0.86475ms)
✔ an unknown receipt reserves its capture identity before any amount is counted (2.871458ms)
✔ reconciliation and later receipts share the same capture binding (1.079584ms)
✔ one checkpoint cannot acquire a second capture through a new webhook event ID (4.951ms)
✔ webhook and reconciliation identities must be nonempty canonical strings (3.095583ms)
✔ exact duplicate webhook delivery remains auditable in every supported capture state (2.463959ms)
✔ the public append path and reducer refuse lifecycle violations too (1.525542ms)
✔ replay derives receipt identity from history instead of trusting a duplicate flag (0.592208ms)
✔ published events cannot be edited or removed and append owns sequence metadata (0.482958ms)
✔ a ledger keeps its creation seed stable across caller mutation (0.434417ms)
✔ inherited object properties are not checkpoint identities (85.288334ms)
✔ three independent checkpoint capture paths compose without double counting (7.575917ms)
✔ download has a fixed safe filename and explicit fixture schema and provenance (18.2955ms)
✔ export records the actual replay events and reduced counted outcome (14.910375ms)
✔ accepted multiline and literal evidence comes from the exact approval event (1.513542ms)
✔ unapproved checkpoints have no approval evidence and no authored draft field (1.708291ms)
✔ every capture prefix exports the current outcome without advancing or inventing events (1.284667ms)
✔ repeated exports are deterministic and detached from the live in-memory ledger (1.601792ms)
✔ an empty fixture exports no approval and never represents a successful payment (0.289ms)
✔ the timeline exposes every real fixture prefix and counts only after reconciliation (8.344667ms)
✔ backward, repeated and out-of-order inspection never changes the fixture or another ledger (2.260417ms)
✔ returned event and state objects cannot rewrite later timeline inspection (1.106458ms)
✔ invalid navigation refuses the index without losing valid timeline state (2.020125ms)
✔ fixture deterministically replays lost response, duplicate webhook, and one reconcile (24.228042ms)
✔ order and capture require prior explicit human approval and order (0.398791ms)
✔ lost response cannot be blindly captured again; reconcile is one-time (0.272833ms)
✔ same webhook event ID is idempotent and cannot double count (0.196917ms)
✔ reducer never counts duplicate webhook in fixture stream (2.941542ms)
✔ role previews are explicit local rules and never claim AI output (23.505917ms)
✔ Workers AI adapter fails closed without binding and has no paid fallback (0.303875ms)
✔ schema validation rejects malformed model output (0.200375ms)
✔ every shipped replay prefix presents its current reduced capture state (3.049917ms)
✔ ordinary webhook capture does not invent a reconciliation (0.682083ms)
✔ missing and unrecognized states do not become captured or safe-to-retry labels (0.069917ms)
✔ saved fixture reader accepts all real recovery prefixes without advancing the outcome (7.236459ms)
✔ accepted evidence is exact literal Unicode text and an unapproved draft is absent (0.603583ms)
✔ ordinary capture, lookup-only recovery and independent checkpoints use the existing ledger (1.873833ms)
✔ JSON key order and whitespace do not change the record, and returned facts are immutable (1.370292ms)
✔ invalid JSON, another document and unsupported record versions are refused (1.894458ms)
✔ saved summaries, approvals, identities and fixture definitions must match recorded events (4.616125ms)
✔ missing, extra and inherited-property fields cannot become trusted record facts (1.120166ms)
✔ event order, required metadata and payload types are checked before ledger replay (2.363709ms)
✔ shared ledger refuses contradictory lifecycle, money and capture identities in a file (2.602875ms)
✔ exact byte limit is inclusive and uses UTF-8 bytes rather than JavaScript characters (3.375958ms)
✔ event limit permits a bounded full history and rejects the next exact duplicate (91.116458ms)
✔ a reconciled fixture no longer asks the reviewer to keep its capture unknown (2.743333ms)
✔ a lost response and both webhook receipts retain current unknown guidance until reconciliation (2.428042ms)
✔ another unresolved checkpoint still takes priority over an earlier reconciled capture (1.163583ms)
✔ pending and never-requested captures remain distinct from resolved captures (0.6185ms)
✔ the example becomes a detached editable draft, with no inherited approvals (2.166333ms)
✔ an authored brief and checkpoints produce a bounded ledger seed and explicit unallocated cap (0.7145ms)
✔ incomplete, malformed and over-cap drafts cannot enter review (13.636583ms)
✔ field errors identify the actual editable checkpoint and budget (0.09475ms)
✔ USD authoring rejects unsupported notation and avoids silently rounding sub-cent entries (0.088584ms)
✔ generated identities remain distinct when titles match or resemble object keys (0.541791ms)
✔ every accepted safe cent amount is displayed without floating-dollar rounding (0.262875ms)
✔ sparse or absent checkpoint rows are refused as incomplete drafts (0.123291ms)
✔ approval uses the explicit reviewed evidence and refuses empty acceptance without any event (0.257875ms)
✔ plan, approval evidence and prior events cannot be changed through caller-owned objects (3.722333ms)
✔ review controls advance one legal event at a time and do not repeat pending requests (8.3395ms)
✔ the authored lost-response path stays unknown through duplicate receipt and reconciles exactly once (2.904584ms)
✔ independent checkpoints keep their amounts and receipt identities across mixed outcomes (2.584375ms)
✔ an unknown outcome can use the explicit simulated lookup without manufacturing a webhook (1.294208ms)
✔ validated suggestions preserve editable text without retaining provider-owned objects (14.939917ms)
✔ the existing empty-list and text-length contracts are preserved (0.871375ms)
✔ serialized Unicode text at the schema character limits remains valid (3.5635ms)
✔ Unicode length limits count code points rather than graphemes (0.494875ms)
✔ root fields must be declared own data properties (0.140125ms)
✔ checkpoint records cannot smuggle inherited fields or undeclared approval data (0.127ms)
✔ accessor fields are refused without evaluating provider code (0.122875ms)
✔ checkpoint lists must contain their own entries and cannot replace iteration (0.112334ms)
✔ ordinary and null-prototype data records normalize to the same result (0.096333ms)
✔ configured bindings support the existing direct, JSON, and response-string forms (0.261208ms)
✔ the async adapter rejects JSON-representable malformed suggestions in every supported response form (3.39425ms)
✔ each provider call receives an independent request schema (0.261167ms)
✔ inherited or accessor response envelopes do not bypass result validation (0.331667ms)
✔ missing or invalid bindings fail closed before any dispatch (0.639666ms)
✔ provider errors and malformed results are rejected without retry or fallback (0.457417ms)
ℹ tests 88
ℹ suites 0
ℹ pass 88
ℹ fail 0
ℹ cancelled 0
ℹ skipped 0
ℹ todo 0
ℹ duration_ms 291.401459
