✖ shared ledger refuses contradictory lifecycle, money and capture identities in a file (2.706917ms)
ℹ tests 1
ℹ suites 0
ℹ pass 0
ℹ fail 1
ℹ cancelled 0
ℹ skipped 0
ℹ todo 0
ℹ duration_ms 106.685542

✖ failing tests:

test at tests/record-reader.test.mjs:116:1
✖ shared ledger refuses contradictory lifecycle, money and capture identities in a file (2.706917ms)
  AssertionError [ERR_ASSERTION]: Missing expected exception.
      at refused (file:///Users/me/hamon-scopesignal-records-39c2b591d7e5-runtime/old-ledger-control/tests/record-reader.test.mjs:8:42)
      at TestContext.<anonymous> (file:///Users/me/hamon-scopesignal-records-39c2b591d7e5-runtime/old-ledger-control/tests/record-reader.test.mjs:133:33)
      at Test.runInAsyncScope (node:async_hooks:226:14)
      at Test.run (node:internal/test_runner/test:1382:25)
      at Test.start (node:internal/test_runner/test:1242:17)
      at startSubtestAfterBootstrap (node:internal/test_runner/harness:387:17) {
    generatedMessage: false,
    code: 'ERR_ASSERTION',
    actual: undefined,
    operator: 'throws',
    diff: 'simple'
  }
